Component: ARM Compiler 5.05 update 2 (build 169) Tool: armlink [4d0f33]

==============================================================================

Section Cross References

    startup_stm32f030.o(RESET) refers to startup_stm32f030.o(STACK) for __initial_sp
    startup_stm32f030.o(RESET) refers to startup_stm32f030.o(.text) for Reset_Handler
    startup_stm32f030.o(RESET) refers to stm32f0xx_it.o(.text) for NMI_Handler
    startup_stm32f030.o(RESET) refers to rtc_time.o(.text) for RTC_IRQHandler
    startup_stm32f030.o(RESET) refers to main.o(.text) for EXTI4_15_IRQHandler
    startup_stm32f030.o(RESET) refers to key.o(.text) for TIM3_IRQHandler
    startup_stm32f030.o(RESET) refers to usart.o(.text) for USART1_IRQHandler
    startup_stm32f030.o(.text) refers to system_stm32f0xx.o(.text) for SystemInit
    startup_stm32f030.o(.text) refers to entry.o(.ARM.Collect$$$$00000000) for __main
    main.o(.text) refers to printf8.o(i.__0printf$8) for __2printf
    main.o(.text) refers to seg.o(.text) for SEGDetectLight
    main.o(.text) refers to systick.o(.text) for PrintfClk
    main.o(.text) refers to stm32f0xx_gpio.o(.text) for GPIO_ReadOutputDataBit
    main.o(.text) refers to voice.o(.text) for VoicePowerSwitch
    main.o(.text) refers to usart.o(.text) for USART_TTSCmd
    main.o(.text) refers to uidiv.o(.text) for __aeabi_uidivmod
    main.o(.text) refers to adc.o(.text) for ADC_GetTemper
    main.o(.text) refers to stm32f0xx_rtc.o(.text) for RTC_GetTime
    main.o(.text) refers to main.o(i.__ARM_common_switch8) for __ARM_common_switch8
    main.o(.text) refers to main.o(.bss) for .bss
    main.o(.text) refers to main.o(.data) for .data
    main.o(.text) refers to seg.o(.constdata) for segnum
    main.o(.text) refers to stm32f0xx_rcc.o(.text) for RCC_APB1PeriphClockCmd
    main.o(.text) refers to stm32f0xx_misc.o(.text) for NVIC_Init
    main.o(.text) refers to stm32f0xx_tim.o(.text) for TIM_TimeBaseInit
    main.o(.text) refers to memseta.o(.text) for __aeabi_memclr4
    main.o(.text) refers to key.o(.text) for KEY_Init
    main.o(.text) refers to rtc_time.o(.text) for RTC_CheckAndConfig
    main.o(.text) refers to stm32f0xx_pwr.o(.text) for PWR_EnterSleepMode
    main.o(.text) refers to stm32f0xx_adc.o(.text) for ADC_Cmd
    main.o(.text) refers to stm32f0xx_syscfg.o(.text) for SYSCFG_EXTILineConfig
    main.o(.text) refers to stm32f0xx_exti.o(.text) for EXTI_Init
    stm32f0xx_it.o(.text) refers to printf8.o(i.__0printf$8) for __2printf
    stm32f0xx_it.o(.text) refers to stm32f0xx_it.o(.data) for .data
    stm32f0xx_it.o(.text) refers to main.o(.data) for gvoicesendcmdtimer
    stm32f0xx_adc.o(.text) refers to stm32f0xx_rcc.o(.text) for RCC_APB2PeriphResetCmd
    stm32f0xx_dac.o(.text) refers to stm32f0xx_rcc.o(.text) for RCC_APB1PeriphResetCmd
    stm32f0xx_gpio.o(.text) refers to stm32f0xx_rcc.o(.text) for RCC_AHBPeriphResetCmd
    stm32f0xx_pwr.o(.text) refers to stm32f0xx_rcc.o(.text) for RCC_APB1PeriphResetCmd
    stm32f0xx_rcc.o(.text) refers to uidiv.o(.text) for __aeabi_uidivmod
    stm32f0xx_rcc.o(.text) refers to stm32f0xx_rcc.o(.data) for .data
    stm32f0xx_tim.o(.text) refers to stm32f0xx_rcc.o(.text) for RCC_APB1PeriphResetCmd
    stm32f0xx_usart.o(.text) refers to stm32f0xx_rcc.o(.text) for RCC_APB2PeriphResetCmd
    stm32f0xx_usart.o(.text) refers to uidiv.o(.text) for __aeabi_uidivmod
    system_stm32f0xx.o(.text) refers to uidiv.o(.text) for __aeabi_uidivmod
    system_stm32f0xx.o(.text) refers to system_stm32f0xx.o(.data) for .data
    usart.o(.text) refers to stm32f0xx_rcc.o(.text) for RCC_AHBPeriphClockCmd
    usart.o(.text) refers to stm32f0xx_misc.o(.text) for NVIC_Init
    usart.o(.text) refers to stm32f0xx_gpio.o(.text) for GPIO_PinAFConfig
    usart.o(.text) refers to stm32f0xx_usart.o(.text) for USART_Init
    usart.o(.text) refers to memseta.o(.text) for __aeabi_memclr4
    usart.o(.text) refers to main.o(.data) for gvoicesendcmdtimer
    usart.o(.text) refers to main.o(.bss) for USARTRX_structure
    usart.o(.text) refers to usart.o(.data) for .data
    systick.o(.text) refers to stm32f0xx_misc.o(.text) for SysTick_CLKSourceConfig
    systick.o(.text) refers to uidiv.o(.text) for __aeabi_uidivmod
    systick.o(.text) refers to stm32f0xx_rcc.o(.text) for RCC_SYSCLKConfig
    systick.o(.text) refers to printf8.o(i.__0printf$8) for __2printf
    systick.o(.text) refers to system_stm32f0xx.o(.data) for SystemCoreClock
    rtc_time.o(.text) refers to stm32f0xx_rtc.o(.text) for RTC_GetTime
    rtc_time.o(.text) refers to printf8.o(i.__0printf$8) for __2printf
    rtc_time.o(.text) refers to stm32f0xx_rcc.o(.text) for RCC_APB1PeriphClockCmd
    rtc_time.o(.text) refers to stm32f0xx_pwr.o(.text) for PWR_BackupAccessCmd
    rtc_time.o(.text) refers to stm32f0xx_exti.o(.text) for EXTI_ClearITPendingBit
    rtc_time.o(.text) refers to rtc_time.o(.conststring) for .conststring
    rtc_time.o(.text) refers to rtc_time.o(.data) for .data
[...]
    printf8.o(i.__0printf$8) refers to printf8.o(i._printf_core) for _printf_core
    printf8.o(i.__0printf$8) refers to usart.o(.text) for fputc
    printf8.o(i.__0printf$8) refers to stdout.o(.data) for __stdout
    printf8.o(i.__0snprintf$8) refers to printf8.o(i._printf_core) for _printf_core
    printf8.o(i.__0snprintf$8) refers to printf8.o(i._snputc) for _snputc
    printf8.o(i.__0sprintf$8) refers to printf8.o(i._printf_core) for _printf_core
    printf8.o(i.__0sprintf$8) refers to printf8.o(i._sputc) for _sputc
    printf8.o(i.__0vfprintf$8) refers to printf8.o(i._printf_core) for _printf_core
    printf8.o(i.__0vfprintf$8) refers to usart.o(.text) for fputc
    printf8.o(i.__0vprintf$8) refers to printf8.o(i._printf_core) for _printf_core
    printf8.o(i.__0vprintf$8) refers to usart.o(.text) for fputc
    printf8.o(i.__0vprintf$8) refers to stdout.o(.data) for __stdout
    printf8.o(i.__0vsnprintf$8) refers to printf8.o(i._printf_core) for _printf_core
    printf8.o(i.__0vsnprintf$8) refers to printf8.o(i._snputc) for _snputc
    printf8.o(i.__0vsprintf$8) refers to printf8.o(i._printf_core) for _printf_core
    printf8.o(i.__0vsprintf$8) refers to printf8.o(i._sputc) for _sputc
    printf8.o(i._printf_core) refers to printf8.o(i._printf_pre_padding) for _printf_pre_padding
    printf8.o(i._printf_core) refers to printf8.o(i._printf_post_padding) for _printf_post_padding
    printf8.o(i._printf_core) refers to uldiv.o(.text) for __aeabi_uldivmod
    printfa.o(i.__0fprintf) refers (Special) to iusefp.o(.text) for __I$use$fp
    printfa.o(i.__0fprintf) refers to printfa.o(i._printf_core) for _printf_core
    printfa.o(i.__0fprintf) refers to usart.o(.text) for fputc
    printfa.o(i.__0printf) refers (Special) to iusefp.o(.text) for __I$use$fp
    printfa.o(i.__0printf) refers to printfa.o(i._printf_core) for _printf_core
    printfa.o(i.__0printf) refers to usart.o(.text) for fputc
    printfa.o(i.__0printf) refers to stdout.o(.data) for __stdout
    printfa.o(i.__0snprintf) refers (Special) to iusefp.o(.text) for __I$use$fp
    printfa.o(i.__0snprintf) refers to printfa.o(i._printf_core) for _printf_core
    printfa.o(i.__0snprintf) refers to printfa.o(i._snputc) for _snputc
    printfa.o(i.__0sprintf) refers (Special) to iusefp.o(.text) for __I$use$fp
    printfa.o(i.__0sprintf) refers to printfa.o(i._printf_core) for _printf_core
    printfa.o(i.__0sprintf) refers to printfa.o(i._sputc) for _sputc
    printfa.o(i.__0vfprintf) refers (Special) to iusefp.o(.text) for __I$use$fp
    printfa.o(i.__0vfprintf) refers to printfa.o(i._printf_core) for _printf_core
    printfa.o(i.__0vfprintf) refers to usart.o(.text) for fputc
    printfa.o(i.__0vprintf) refers (Special) to iusefp.o(.text) for __I$use$fp
    printfa.o(i.__0vprintf) refers to printfa.o(i._printf_core) for _printf_core
    printfa.o(i.__0vprintf) refers to usart.o(.text) for fputc
    printfa.o(i.__0vprintf) refers to stdout.o(.data) for __stdout
    printfa.o(i.__0vsnprintf) refers (Special) to iusefp.o(.text) for __I$use$fp
    printfa.o(i.__0vsnprintf) refers to printfa.o(i._printf_core) for _printf_core
    printfa.o(i.__0vsnprintf) refers to printfa.o(i._snputc) for _snputc
    printfa.o(i.__0vsprintf) refers (Special) to iusefp.o(.text) for __I$use$fp
    printfa.o(i.__0vsprintf) refers to printfa.o(i._printf_core) for _printf_core
    printfa.o(i.__0vsprintf) refers to printfa.o(i._sputc) for _sputc
    printfa.o(i._fp_digits) refers (Special) to iusefp.o(.text) for __I$use$fp
    printfa.o(i._fp_digits) refers to dmul.o(.text) for __aeabi_dmul
    printfa.o(i._fp_digits) refers to ddiv.o(.text) for __aeabi_ddiv
    printfa.o(i._fp_digits) refers to cdrcmple.o(.text) for __aeabi_cdrcmple
    printfa.o(i._fp_digits) refers to dadd.o(.text) for __aeabi_dadd
    printfa.o(i._fp_digits) refers to dfixul.o(.text) for __aeabi_d2ulz
    printfa.o(i._fp_digits) refers to uldiv.o(.text) for __aeabi_uldivmod
    printfa.o(i._printf_core) refers (Special) to iusefp.o(.text) for __I$use$fp
    printfa.o(i._printf_core) refers to printfa.o(i._printf_pre_padding) for _printf_pre_padding
    printfa.o(i._printf_core) refers to uldiv.o(.text) for __aeabi_uldivmod
    printfa.o(i._printf_core) refers to printfa.o(i._printf_post_padding) for _printf_post_padding
    printfa.o(i._printf_core) refers to printfa.o(i._fp_digits) for _fp_digits
    printfa.o(i._printf_core) refers to uidiv.o(.text) for __aeabi_uidivmod
    printfa.o(i._printf_post_padding) refers (Special) to iusefp.o(.text) for __I$use$fp
    printfa.o(i._printf_pre_padding) refers (Special) to iusefp.o(.text) for __I$use$fp
    printfa.o(i._snputc) refers (Special) to iusefp.o(.text) for __I$use$fp
    printfa.o(i._sputc) refers (Special) to iusefp.o(.text) for __I$use$fp
    dmul.o(.text) refers (Special) to iusefp.o(.text) for __I$use$fp
    dmul.o(.text) refers to depilogue.o(.text) for _double_epilogue
    dscalb.o(.text) refers (Special) to iusefp.o(.text) for __I$use$fp
    ffltui.o(.text) refers (Special) to iusefp.o(.text) for __I$use$fp
    ffltui.o(.text) refers to fepilogue.o(.text) for _float_epilogue
    dfltui.o(.text) refers (Special) to iusefp.o(.text) for __I$use$fp
    dfltui.o(.text) refers to depilogue.o(.text) for _double_epilogue
    d2f.o(.text) refers (Special) to iusefp.o(.text) for __I$use$fp
    d2f.o(.text) refers to fepilogue.o(.text) for _float_round
    entry2.o(.ARM.Collect$$$$00000001) refers to entry2.o(.ARM.Collect$$$$00002712) for __lit__00000000
    entry2.o(.ARM.Collect$$$$00002712) refers to startup_stm32f030.o(STACK) for __initial_sp
    entry2.o(__vectab_stack_and_reset_area) refers to startup_stm32f030.o(STACK) for __initial_sp
    entry2.o(__vectab_stack_and_reset_area) refers to entry.o(.ARM.Collect$$$$00000000) for __main
    entry5.o(.ARM.Collect$$$$00000004) refers to init.o(.text) for __scatterload
    entry9a.o(.ARM.Collect$$$$0000000B) refers to main.o(.text) for main
    entry9b.o(.ARM.Collect$$$$0000000C) refers to main.o(.text) for main
    uldiv.o(.text) refers to llushr.o(.text) for __aeabi_llsr
    uldiv.o(.text) refers to llshl.o(.text) for __aeabi_llsl
    depilogue.o(.text) refers to depilogue.o(i.__ARM_clz) for __ARM_clz
    depilogue.o(.text) refers to llshl.o(.text) for __aeabi_llsl
    depilogue.o(.text) refers to llushr.o(.text) for __aeabi_llsr
    dadd.o(.text) refers to llshl.o(.text) for __aeabi_llsl
    dadd.o(.text) refers to llsshr.o(.text) for __aeabi_lasr
    dadd.o(.text) refers to depilogue.o(.text) for _double_epilogue
    ddiv.o(.text) refers to depilogue.o(.text) for _double_round
    dfixul.o(.text) refers to llushr.o(.text) for __aeabi_llsr
    dfixul.o(.text) refers to llshl.o(.text) for __aeabi_llsl
    init.o(.text) refers to entry5.o(.ARM.Collect$$$$00000004) for __main_after_scatterload


==============================================================================

Removing Unused input sections from the image.

    Removing startup_stm32f030.o(HEAP), (512 bytes).
    Removing main.o(.rev16_text), (4 bytes).
    Removing main.o(.revsh_text), (4 bytes).
    Removing main.o(.bss), (30 bytes).
    Removing main.o(.bss), (22 bytes).
    Removing main.o(.data), (4096 bytes).
    Removing main.o(.data), (2 bytes).
    Removing main.o(.data), (4 bytes).
    Removing stm32f0xx_it.o(.rev16_text), (4 bytes).
    Removing stm32f0xx_it.o(.revsh_text), (4 bytes).
    Removing stm32f0xx_adc.o(.rev16_text), (4 bytes).
    Removing stm32f0xx_adc.o(.revsh_text), (4 bytes).
    Removing stm32f0xx_dac.o(.rev16_text), (4 bytes).
    Removing stm32f0xx_dac.o(.revsh_text), (4 bytes).
    Removing stm32f0xx_dac.o(.text), (332 bytes).
    Removing stm32f0xx_dma.o(.rev16_text), (4 bytes).
    Removing stm32f0xx_dma.o(.revsh_text), (4 bytes).
    Removing stm32f0xx_exti.o(.rev16_text), (4 bytes).
    Removing stm32f0xx_exti.o(.revsh_text), (4 bytes).
    Removing stm32f0xx_flash.o(.rev16_text), (4 bytes).
    Removing stm32f0xx_flash.o(.revsh_text), (4 bytes).
    Removing stm32f0xx_flash.o(.text), (1260 bytes).
    Removing stm32f0xx_gpio.o(.rev16_text), (4 bytes).
    Removing stm32f0xx_gpio.o(.revsh_text), (4 bytes).
    Removing stm32f0xx_misc.o(.rev16_text), (4 bytes).
    Removing stm32f0xx_misc.o(.revsh_text), (4 bytes).
    Removing stm32f0xx_pwr.o(.rev16_text), (4 bytes).
    Removing stm32f0xx_pwr.o(.revsh_text), (4 bytes).
    Removing stm32f0xx_rcc.o(.rev16_text), (4 bytes).
    Removing stm32f0xx_rcc.o(.revsh_text), (4 bytes).
    Removing stm32f0xx_rtc.o(.rev16_text), (4 bytes).
    Removing stm32f0xx_rtc.o(.revsh_text), (4 bytes).
    Removing stm32f0xx_syscfg.o(.rev16_text), (4 bytes).
    Removing stm32f0xx_syscfg.o(.revsh_text), (4 bytes).
    Removing stm32f0xx_tim.o(.rev16_text), (4 bytes).
    Removing stm32f0xx_tim.o(.revsh_text), (4 bytes).
    Removing stm32f0xx_usart.o(.rev16_text), (4 bytes).
    Removing stm32f0xx_usart.o(.revsh_text), (4 bytes).
    Removing system_stm32f0xx.o(.rev16_text), (4 bytes).
    Removing system_stm32f0xx.o(.revsh_text), (4 bytes).
    Removing usart.o(.rev16_text), (4 bytes).
    Removing usart.o(.revsh_text), (4 bytes).
    Removing systick.o(.rev16_text), (4 bytes).
    Removing systick.o(.revsh_text), (4 bytes).
    Removing rtc_time.o(.rev16_text), (4 bytes).
    Removing rtc_time.o(.revsh_text), (4 bytes).
    Removing rtc_time.o(.data), (4 bytes).
    Removing seg.o(.rev16_text), (4 bytes).
    Removing seg.o(.revsh_text), (4 bytes).
    Removing voice.o(.rev16_text), (4 bytes).
    Removing voice.o(.revsh_text), (4 bytes).
    Removing key.o(.rev16_text), (4 bytes).
    Removing key.o(.revsh_text), (4 bytes).
    Removing key.o(.data), (8 bytes).
    Removing key.o(.data), (8 bytes).
    Removing flash.o(.rev16_text), (4 bytes).
    Removing flash.o(.revsh_text), (4 bytes).
    Removing flash.o(.text), (172 bytes).
    Removing flash.o(.data), (4 bytes).
    Removing adc.o(.rev16_text), (4 bytes).
    Removing adc.o(.revsh_text), (4 bytes).
    Removing dadd.o(.text), (356 bytes).
    Removing ddiv.o(.text), (240 bytes).
    Removing dfixul.o(.text), (64 bytes).
    Removing cdrcmple.o(.text), (40 bytes).

65 unused section(s) (total 7346 bytes) removed from the image.

==============================================================================

Image Symbol Table

    Local Symbols

    Symbol Name                              Value     Ov Type        Size  Object(Section)

    ../clib/microlib/division.c              0x00000000   Number         0  uidiv.o ABSOLUTE
    ../clib/microlib/division.c              0x00000000   Number         0  idiv.o ABSOLUTE
    ../clib/microlib/division.c              0x00000000   Number         0  uldiv.o ABSOLUTE
    ../clib/microlib/init/entry.s            0x00000000   Number         0  entry.o ABSOLUTE
    ../clib/microlib/init/entry.s            0x00000000   Number         0  entry5.o ABSOLUTE
    ../clib/microlib/init/entry.s            0x00000000   Number         0  entry7a.o ABSOLUTE
    ../clib/microlib/init/entry.s            0x00000000   Number         0  entry11a.o ABSOLUTE
    ../clib/microlib/init/entry.s            0x00000000   Number         0  entry7b.o ABSOLUTE
    ../clib/microlib/init/entry.s            0x00000000   Number         0  entry2.o ABSOLUTE
    ../clib/microlib/init/entry.s            0x00000000   Number         0  entry8a.o ABSOLUTE
    ../clib/microlib/init/entry.s            0x00000000   Number         0  entry8b.o ABSOLUTE
    ../clib/microlib/init/entry.s            0x00000000   Number         0  entry9a.o ABSOLUTE
    ../clib/microlib/init/entry.s            0x00000000   Number         0  entry9b.o ABSOLUTE
    ../clib/microlib/init/entry.s            0x00000000   Number         0  entry10a.o ABSOLUTE
    ../clib/microlib/init/entry.s            0x00000000   Number         0  entry10b.o ABSOLUTE
    ../clib/microlib/init/entry.s            0x00000000   Number         0  entry11b.o ABSOLUTE
    ../clib/microlib/longlong.c              0x00000000   Number         0  llushr.o ABSOLUTE
    ../clib/microlib/longlong.c              0x00000000   Number         0  llshl.o ABSOLUTE
    ../clib/microlib/longlong.c              0x00000000   Number         0  llsshr.o ABSOLUTE
    ../clib/microlib/printf/printf.c         0x00000000   Number         0  printf8.o ABSOLUTE
    ../clib/microlib/printf/printf.c         0x00000000   Number         0  printfa.o ABSOLUTE
    ../clib/microlib/printf/printf.c         0x00000000   Number         0  printf7.o ABSOLUTE
    ../clib/microlib/printf/printf.c         0x00000000   Number         0  printf0.o ABSOLUTE
    ../clib/microlib/printf/printf.c         0x00000000   Number         0  printf1.o ABSOLUTE
    ../clib/microlib/printf/printf.c         0x00000000   Number         0  printf6.o ABSOLUTE
    ../clib/microlib/printf/printf.c         0x00000000   Number         0  printf3.o ABSOLUTE
    ../clib/microlib/printf/printf.c         0x00000000   Number         0  printfb.o ABSOLUTE
    ../clib/microlib/printf/printf.c         0x00000000   Number         0  printf2.o ABSOLUTE
    ../clib/microlib/printf/printf.c         0x00000000   Number         0  printf5.o ABSOLUTE
    ../clib/microlib/printf/printf.c         0x00000000   Number         0  printf4.o ABSOLUTE
    ../clib/microlib/printf/stubs.s          0x00000000   Number         0  stubs.o ABSOLUTE
    ../clib/microlib/stdio/streams.c         0x00000000   Number         0  stdout.o ABSOLUTE
    ../clib/microlib/string/memset.c         0x00000000   Number         0  memseta.o ABSOLUTE
    ../clib/microlib/stubs.s                 0x00000000   Number         0  iusefp.o ABSOLUTE
    ../fplib/microlib/d2f.c                  0x00000000   Number         0  d2f.o ABSOLUTE
    ../fplib/microlib/fpadd.c                0x00000000   Number         0  dadd.o ABSOLUTE
    ../fplib/microlib/fpdiv.c                0x00000000   Number         0  ddiv.o ABSOLUTE
    ../fplib/microlib/fpepilogue.c           0x00000000   Number         0  depilogue.o ABSOLUTE
    ../fplib/microlib/fpepilogue.c           0x00000000   Number         0  fepilogue.o ABSOLUTE
    ../fplib/microlib/fpfix.c                0x00000000   Number         0  dfixul.o ABSOLUTE
    ../fplib/microlib/fpflt.c                0x00000000   Number         0  ffltui.o ABSOLUTE
    ../fplib/microlib/fpflt.c                0x00000000   Number         0  dfltui.o ABSOLUTE
    ../fplib/microlib/fpmul.c                0x00000000   Number         0  dmul.o ABSOLUTE
    ../fplib/microlib/fpscalb.c              0x00000000   Number         0  dscalb.o ABSOLUTE
    ..\..\BSP\ADC.c                          0x00000000   Number         0  adc.o ABSOLUTE
    ..\..\BSP\KEY.c                          0x00000000   Number         0  key.o ABSOLUTE
    ..\..\BSP\RTC_Time.c                     0x00000000   Number         0  rtc_time.o ABSOLUTE
    ..\..\BSP\SEG.c                          0x00000000   Number         0  seg.o ABSOLUTE
    ..\..\BSP\VOICE.c                        0x00000000   Number         0  voice.o ABSOLUTE
    ..\..\BSP\flash.c                        0x00000000   Number         0  flash.o ABSOLUTE
    ..\..\BSP\systick.c                      0x00000000   Number         0  systick.o ABSOLUTE
    ..\..\BSP\usart.c                        0x00000000   Number         0  usart.o ABSOLUTE
    ..\..\Libraries\CMSIS\ST\STM32F0xx\Source\Templates\arm\startup_stm32f030.s 0x00000000   Number         0  startup_stm32f030.o ABSOLUTE
    ..\..\Libraries\CMSIS\ST\STM32F0xx\Source\Templates\system_stm32f0xx.c 0x00000000   Number         0  system_stm32f0xx.o ABSOLUTE
    ..\..\Libraries\STM32F0xx_StdPeriph_Driver\src\stm32f0xx_adc.c 0x00000000   Number         0  stm32f0xx_adc.o ABSOLUTE
    ..\..\Libraries\STM32F0xx_StdPeriph_Driver\src\stm32f0xx_dac.c 0x00000000   Number         0  stm32f0xx_dac.o ABSOLUTE
    ..\..\Libraries\STM32F0xx_StdPeriph_Driver\src\stm32f0xx_dma.c 0x00000000   Number         0  stm32f0xx_dma.o ABSOLUTE
    ..\..\Libraries\STM32F0xx_StdPeriph_Driver\src\stm32f0xx_exti.c 0x00000000   Number         0  stm32f0xx_exti.o ABSOLUTE
    ..\..\Libraries\STM32F0xx_StdPeriph_Driver\src\stm32f0xx_flash.c 0x00000000   Number         0  stm32f0xx_flash.o ABSOLUTE
    ..\..\Libraries\STM32F0xx_StdPeriph_Driver\src\stm32f0xx_gpio.c 0x00000000   Number         0  stm32f0xx_gpio.o ABSOLUTE
    ..\..\Libraries\STM32F0xx_StdPeriph_Driver\src\stm32f0xx_misc.c 0x00000000   Number         0  stm32f0xx_misc.o ABSOLUTE
    ..\..\Libraries\STM32F0xx_StdPeriph_Driver\src\stm32f0xx_pwr.c 0x00000000   Number         0  stm32f0xx_pwr.o ABSOLUTE
    ..\..\Libraries\STM32F0xx_StdPeriph_Driver\src\stm32f0xx_rcc.c 0x00000000   Number         0  stm32f0xx_rcc.o ABSOLUTE
    ..\..\Libraries\STM32F0xx_StdPeriph_Driver\src\stm32f0xx_rtc.c 0x00000000   Number         0  stm32f0xx_rtc.o ABSOLUTE
    ..\..\Libraries\STM32F0xx_StdPeriph_Driver\src\stm32f0xx_syscfg.c 0x00000000   Number         0  stm32f0xx_syscfg.o ABSOLUTE
    ..\..\Libraries\STM32F0xx_StdPeriph_Driver\src\stm32f0xx_tim.c 0x00000000   Number         0  stm32f0xx_tim.o ABSOLUTE
    ..\..\Libraries\STM32F0xx_StdPeriph_Driver\src\stm32f0xx_usart.c 0x00000000   Number         0  stm32f0xx_usart.o ABSOLUTE
    ..\\..\\BSP\\ADC.c                       0x00000000   Number         0  adc.o ABSOLUTE
    ..\\..\\BSP\\KEY.c                       0x00000000   Number         0  key.o ABSOLUTE
    ..\\..\\BSP\\RTC_Time.c                  0x00000000   Number         0  rtc_time.o ABSOLUTE
    ..\\..\\BSP\\SEG.c                       0x00000000   Number         0  seg.o ABSOLUTE
    ..\\..\\BSP\\VOICE.c                     0x00000000   Number         0  voice.o ABSOLUTE
    ..\\..\\BSP\\flash.c                     0x00000000   Number         0  flash.o ABSOLUTE
    ..\\..\\BSP\\systick.c                   0x00000000   Number         0  systick.o ABSOLUTE
    ..\\..\\BSP\\usart.c                     0x00000000   Number         0  usart.o ABSOLUTE
    ..\\..\\Libraries\\CMSIS\\ST\\STM32F0xx\\Source\\Templates\\system_stm32f0xx.c 0x00000000   Number         0  system_stm32f0xx.o ABSOLUTE
    ..\\..\\Libraries\\STM32F0xx_StdPeriph_Driver\\src\\stm32f0xx_adc.c 0x00000000   Number         0  stm32f0xx_adc.o ABSOLUTE
    ..\\..\\Libraries\\STM32F0xx_StdPeriph_Driver\\src\\stm32f0xx_dac.c 0x00000000   Number         0  stm32f0xx_dac.o ABSOLUTE
    ..\\..\\Libraries\\STM32F0xx_StdPeriph_Driver\\src\\stm32f0xx_dma.c 0x00000000   Number         0  stm32f0xx_dma.o ABSOLUTE
    ..\\..\\Libraries\\STM32F0xx_StdPeriph_Driver\\src\\stm32f0xx_exti.c 0x00000000   Number         0  stm32f0xx_exti.o ABSOLUTE
    ..\\..\\Libraries\\STM32F0xx_StdPeriph_Driver\\src\\stm32f0xx_flash.c 0x00000000   Number         0  stm32f0xx_flash.o ABSOLUTE
    ..\\..\\Libraries\\STM32F0xx_StdPeriph_Driver\\src\\stm32f0xx_gpio.c 0x00000000   Number         0  stm32f0xx_gpio.o ABSOLUTE
    ..\\..\\Libraries\\STM32F0xx_StdPeriph_Driver\\src\\stm32f0xx_misc.c 0x00000000   Number         0  stm32f0xx_misc.o ABSOLUTE
    ..\\..\\Libraries\\STM32F0xx_StdPeriph_Driver\\src\\stm32f0xx_pwr.c 0x00000000   Number         0  stm32f0xx_pwr.o ABSOLUTE
    ..\\..\\Libraries\\STM32F0xx_StdPeriph_Driver\\src\\stm32f0xx_rcc.c 0x00000000   Number         0  stm32f0xx_rcc.o ABSOLUTE
    ..\\..\\Libraries\\STM32F0xx_StdPeriph_Driver\\src\\stm32f0xx_rtc.c 0x00000000   Number         0  stm32f0xx_rtc.o ABSOLUTE
    ..\\..\\Libraries\\STM32F0xx_StdPeriph_Driver\\src\\stm32f0xx_syscfg.c 0x00000000   Number         0  stm32f0xx_syscfg.o ABSOLUTE
    ..\\..\\Libraries\\STM32F0xx_StdPeriph_Driver\\src\\stm32f0xx_tim.c 0x00000000   Number         0  stm32f0xx_tim.o ABSOLUTE
    ..\\..\\Libraries\\STM32F0xx_StdPeriph_Driver\\src\\stm32f0xx_usart.c 0x00000000   Number         0  stm32f0xx_usart.o ABSOLUTE
    ..\\main.c                               0x00000000   Number         0  main.o ABSOLUTE
    ..\\stm32f0xx_it.c                       0x00000000   Number         0  stm32f0xx_it.o ABSOLUTE
    ..\main.c                                0x00000000   Number         0  main.o ABSOLUTE
    ..\stm32f0xx_it.c                        0x00000000   Number         0  stm32f0xx_it.o ABSOLUTE
    cdrcmple.s                               0x00000000   Number         0  cdrcmple.o ABSOLUTE
    dc.s                                     0x00000000   Number         0  dc.o ABSOLUTE
    handlers.s                               0x00000000   Number         0  handlers.o ABSOLUTE
    init.s                                   0x00000000   Number         0  init.o ABSOLUTE
    RESET                                    0x08000000   Section      180  startup_stm32f030.o(RESET)
    .ARM.Collect$$$$00000000                 0x080000b4   Section        0  entry.o(.ARM.Collect$$$$00000000)
    .ARM.Collect$$$$00000001                 0x080000b4   Section        4  entry2.o(.ARM.Collect$$$$00000001)
    .ARM.Collect$$$$00000004                 0x080000b8   Section        4  entry5.o(.ARM.Collect$$$$00000004)
    .ARM.Collect$$$$00000008                 0x080000bc   Section        0  entry7b.o(.ARM.Collect$$$$00000008)
    .ARM.Collect$$$$0000000A                 0x080000bc   Section        0  entry8b.o(.ARM.Collect$$$$0000000A)
    .ARM.Collect$$$$0000000B                 0x080000bc   Section        8  entry9a.o(.ARM.Collect$$$$0000000B)
    .ARM.Collect$$$$0000000D                 0x080000c4   Section        0  entry10a.o(.ARM.Collect$$$$0000000D)
    .ARM.Collect$$$$0000000F                 0x080000c4   Section        0  entry11a.o(.ARM.Collect$$$$0000000F)
    .ARM.Collect$$$$00002712                 0x080000c4   Section        4  entry2.o(.ARM.Collect$$$$00002712)
    __lit__00000000                          0x080000c4   Data           4  entry2.o(.ARM.Collect$$$$00002712)
    .text                                    0x080000c8   Section       28  startup_stm32f030.o(.text)
    .text                                    0x080000e4   Section        0  main.o(.text)
    .text                                    0x08000900   Section        0  stm32f0xx_it.o(.text)
    .text                                    0x08000950   Section        0  stm32f0xx_adc.o(.text)
    .text                                    0x08000b78   Section        0  stm32f0xx_dma.o(.text)
    .text                                    0x08000cbc   Section        0  stm32f0xx_exti.o(.text)
    .text                                    0x08000d88   Section        0  stm32f0xx_gpio.o(.text)
    .text                                    0x08000ef4   Section        0  stm32f0xx_misc.o(.text)
    .text                                    0x08000f70   Section        0  stm32f0xx_pwr.o(.text)
    .text                                    0x0800105c   Section        0  stm32f0xx_rcc.o(.text)
    .text                                    0x080014fc   Section        0  stm32f0xx_rtc.o(.text)
    RTC_ByteToBcd2                           0x08001da5   Thumb Code    24  stm32f0xx_rtc.o(.text)
    RTC_Bcd2ToByte                           0x08001dbd   Thumb Code    16  stm32f0xx_rtc.o(.text)
    .text                                    0x08001dd4   Section        0  stm32f0xx_syscfg.o(.text)
    .text                                    0x08001e6c   Section        0  stm32f0xx_tim.o(.text)
    TI2_Config                               0x08002471   Thumb Code    42  stm32f0xx_tim.o(.text)
    TI1_Config                               0x080024ab   Thumb Code    40  stm32f0xx_tim.o(.text)
    .text                                    0x080027a8   Section        0  stm32f0xx_usart.o(.text)
    .text                                    0x08002c08   Section        0  system_stm32f0xx.o(.text)
    SetSysClock                              0x08002cb7   Thumb Code    86  system_stm32f0xx.o(.text)
    .text                                    0x08002d28   Section        0  usart.o(.text)
    .text                                    0x08003000   Section        0  systick.o(.text)
    .text                                    0x080031a4   Section        0  rtc_time.o(.text)
    .text                                    0x0800352c   Section        0  seg.o(.text)
    .text                                    0x08003630   Section        0  voice.o(.text)
    .text                                    0x080037b8   Section        0  key.o(.text)
    .text                                    0x08003cbc   Section        0  adc.o(.text)
    .text                                    0x08003e80   Section        0  uidiv.o(.text)
    .text                                    0x08003eac   Section        0  idiv.o(.text)
    .text                                    0x08003ed4   Section        0  memseta.o(.text)
    .text                                    0x08003ef8   Section        0  dmul.o(.text)
    .text                                    0x08003fc8   Section        0  dscalb.o(.text)
    .text                                    0x08003ff4   Section        0  ffltui.o(.text)
    .text                                    0x08004004   Section        0  dfltui.o(.text)
    .text                                    0x08004020   Section        0  d2f.o(.text)
    .text                                    0x08004058   Section        0  uldiv.o(.text)
    .text                                    0x080040b8   Section        0  fepilogue.o(.text)
    .text                                    0x080040b8   Section        0  iusefp.o(.text)
    .text                                    0x0800413a   Section        0  depilogue.o(.text)
    .text                                    0x080041f8   Section       36  init.o(.text)
    .text                                    0x0800421c   Section        0  llshl.o(.text)
    .text                                    0x0800423c   Section        0  llushr.o(.text)
    i.__0printf$8                            0x08004260   Section        0  printf8.o(i.__0printf$8)
    i.__ARM_clz                              0x08004280   Section        0  depilogue.o(i.__ARM_clz)
    i.__ARM_common_switch8                   0x080042ae   Section        0  main.o(i.__ARM_common_switch8)
    i.__scatterload_copy                     0x080042c8   Section       14  handlers.o(i.__scatterload_copy)
    i.__scatterload_null                     0x080042d6   Section        2  handlers.o(i.__scatterload_null)
    i.__scatterload_zeroinit                 0x080042d8   Section       14  handlers.o(i.__scatterload_zeroinit)
    i._printf_core                           0x080042e8   Section        0  printf8.o(i._printf_core)
    _printf_core                             0x080042e9   Thumb Code  1020  printf8.o(i._printf_core)
    i._printf_post_padding                   0x08004710   Section        0  printf8.o(i._printf_post_padding)
    _printf_post_padding                     0x08004711   Thumb Code    32  printf8.o(i._printf_post_padding)
    i._printf_pre_padding                    0x08004730   Section        0  printf8.o(i._printf_pre_padding)
    _printf_pre_padding                      0x08004731   Thumb Code    44  printf8.o(i._printf_pre_padding)
    .constdata                               0x0800475c   Section       10  seg.o(.constdata)
    .constdata                               0x08004768   Section       16  seg.o(.constdata)
    .conststring                             0x08004778   Section       69  rtc_time.o(.conststring)
    .data                                    0x20000000   Section       56  main.o(.data)
    cnt_1s                                   0x20000007   Data           1  main.o(.data)
    voicereadyflag                           0x20000008   Data           1  main.o(.data)
    svoicepalaystate                         0x20000009   Data           1  main.o(.data)
    svoiceplayendflag                        0x2000000a   Data           1  main.o(.data)
    .data                                    0x20000038   Section        1  main.o(.data)
    .data                                    0x20000039   Section        1  main.o(.data)
    .data                                    0x2000003a   Section        1  main.o(.data)
    .data                                    0x2000003b   Section        1  main.o(.data)
    .data                                    0x2000003c   Section        2  stm32f0xx_it.o(.data)
    .data                                    0x2000003e   Section       16  stm32f0xx_rcc.o(.data)
    APBAHBPrescTable                         0x2000003e   Data          16  stm32f0xx_rcc.o(.data)
    .data                                    0x20000050   Section       20  system_stm32f0xx.o(.data)
    .data                                    0x20000064   Section        1  usart.o(.data)
    value                                    0x20000064   Data           1  usart.o(.data)
    .data                                    0x20000068   Section        8  rtc_time.o(.data)
    .data                                    0x20000070   Section        1  seg.o(.data)
    flag                                     0x20000070   Data           1  seg.o(.data)
    .data                                    0x20000071   Section        7  key.o(.data)
    k0                                       0x20000072   Data           1  key.o(.data)
    kwait                                    0x20000073   Data           1  key.o(.data)
    ktick                                    0x20000074   Data           1  key.o(.data)
    tp_hh                                    0x20000075   Data           1  key.o(.data)
    tp_min                                   0x20000076   Data           1  key.o(.data)
    .data                                    0x20000078   Section        8  adc.o(.data)
    .data                                    0x20000080   Section        4  stdout.o(.data)
    .bss                                     0x20000084   Section      134  main.o(.bss)
    STACK                                    0x20000110   Section     2048  startup_stm32f030.o(STACK)

    Global Symbols

    Symbol Name                              Value     Ov Type        Size  Object(Section)

    BuildAttributes$$THM_ISAv3M$S$PE$A:L22$X:L11$S22$IEEE1$IW$USESV6$~STKCKD$USESV7$~SHL$OTIME$ROPI$EBA8$MICROLIB$REQ8$PRES8$EABIv2 0x00000000   Number         0  anon$$obj.o ABSOLUTE
    __ARM_use_no_argv                        0x00000000   Number         0  main.o ABSOLUTE
    _printf_a                                0x00000000   Number         0  stubs.o ABSOLUTE
    _printf_c                                0x00000000   Number         0  stubs.o ABSOLUTE
    _printf_charcount                        0x00000000   Number         0  stubs.o ABSOLUTE
    _printf_d                                0x00000000   Number         0  stubs.o ABSOLUTE
    _printf_e                                0x00000000   Number         0  stubs.o ABSOLUTE
    _printf_f                                0x00000000   Number         0  stubs.o ABSOLUTE
    _printf_flags                            0x00000000   Number         0  stubs.o ABSOLUTE
    _printf_fp_dec                           0x00000000   Number         0  stubs.o ABSOLUTE
    _printf_fp_hex                           0x00000000   Number         0  stubs.o ABSOLUTE
    _printf_g                                0x00000000   Number         0  stubs.o ABSOLUTE
    _printf_i                                0x00000000   Number         0  stubs.o ABSOLUTE
    _printf_int_dec                          0x00000000   Number         0  stubs.o ABSOLUTE
    _printf_l                                0x00000000   Number         0  stubs.o ABSOLUTE
    _printf_lc                               0x00000000   Number         0  stubs.o ABSOLUTE
    _printf_ll                               0x00000000   Number         0  stubs.o ABSOLUTE
    _printf_lld                              0x00000000   Number         0  stubs.o ABSOLUTE
    _printf_lli                              0x00000000   Number         0  stubs.o ABSOLUTE
    _printf_llo                              0x00000000   Number         0  stubs.o ABSOLUTE
    _printf_llu                              0x00000000   Number         0  stubs.o ABSOLUTE
    _printf_llx                              0x00000000   Number         0  stubs.o ABSOLUTE
    _printf_longlong_dec                     0x00000000   Number         0  stubs.o ABSOLUTE
    _printf_longlong_hex                     0x00000000   Number         0  stubs.o ABSOLUTE
    _printf_longlong_oct                     0x00000000   Number         0  stubs.o ABSOLUTE
    _printf_ls                               0x00000000   Number         0  stubs.o ABSOLUTE
    _printf_mbtowc                           0x00000000   Number         0  stubs.o ABSOLUTE
    _printf_n                                0x00000000   Number         0  stubs.o ABSOLUTE
    _printf_o                                0x00000000   Number         0  stubs.o ABSOLUTE
    _printf_p                                0x00000000   Number         0  stubs.o ABSOLUTE
    _printf_percent                          0x00000000   Number         0  stubs.o ABSOLUTE
    _printf_pre_padding                      0x00000000   Number         0  stubs.o ABSOLUTE
    _printf_return_value                     0x00000000   Number         0  stubs.o ABSOLUTE
    _printf_s                                0x00000000   Number         0  stubs.o ABSOLUTE
    _printf_sizespec                         0x00000000   Number         0  stubs.o ABSOLUTE
    _printf_str                              0x00000000   Number         0  stubs.o ABSOLUTE
    _printf_truncate_signed                  0x00000000   Number         0  stubs.o ABSOLUTE
    _printf_truncate_unsigned                0x00000000   Number         0  stubs.o ABSOLUTE
    _printf_u                                0x00000000   Number         0  stubs.o ABSOLUTE
    _printf_wc                               0x00000000   Number         0  stubs.o ABSOLUTE
    _printf_wctomb                           0x00000000   Number         0  stubs.o ABSOLUTE
    _printf_widthprec                        0x00000000   Number         0  stubs.o ABSOLUTE
    _printf_x                                0x00000000   Number         0  stubs.o ABSOLUTE
    __cpp_initialize__aeabi_                  - Undefined Weak Reference
    __cxa_finalize                            - Undefined Weak Reference
    __decompress                              - Undefined Weak Reference
    _clock_init                               - Undefined Weak Reference
    _microlib_exit                            - Undefined Weak Reference
    __Vectors_Size                           0x000000b4   Number         0  startup_stm32f030.o ABSOLUTE
    __Vectors                                0x08000000   Data           4  startup_stm32f030.o(RESET)
    __Vectors_End                            0x080000b4   Data           0  startup_stm32f030.o(RESET)
    __main                                   0x080000b5   Thumb Code     0  entry.o(.ARM.Collect$$$$00000000)
    _main_stk                                0x080000b5   Thumb Code     0  entry2.o(.ARM.Collect$$$$00000001)
    _main_scatterload                        0x080000b9   Thumb Code     0  entry5.o(.ARM.Collect$$$$00000004)
    __main_after_scatterload                 0x080000bd   Thumb Code     0  entry5.o(.ARM.Collect$$$$00000004)
    _main_clock                              0x080000bd   Thumb Code     0  entry7b.o(.ARM.Collect$$$$00000008)
    _main_cpp_init                           0x080000bd   Thumb Code     0  entry8b.o(.ARM.Collect$$$$0000000A)
    _main_init                               0x080000bd   Thumb Code     0  entry9a.o(.ARM.Collect$$$$0000000B)
    __rt_final_cpp                           0x080000c5   Thumb Code     0  entry10a.o(.ARM.Collect$$$$0000000D)
    __rt_final_exit                          0x080000c5   Thumb Code     0  entry11a.o(.ARM.Collect$$$$0000000F)
    Reset_Handler                            0x080000c9   Thumb Code     8  startup_stm32f030.o(.text)
    ADC1_IRQHandler                          0x080000db   Thumb Code     0  startup_stm32f030.o(.text)
    DMA1_Channel1_IRQHandler                 0x080000db   Thumb Code     0  startup_stm32f030.o(.text)
    DMA1_Channel2_3_IRQHandler               0x080000db   Thumb Code     0  startup_stm32f030.o(.text)
    DMA1_Channel4_5_IRQHandler               0x080000db   Thumb Code     0  startup_stm32f030.o(.text)
    EXTI0_1_IRQHandler                       0x080000db   Thumb Code     0  startup_stm32f030.o(.text)
    EXTI2_3_IRQHandler                       0x080000db   Thumb Code     0  startup_stm32f030.o(.text)
    FLASH_IRQHandler                         0x080000db   Thumb Code     0  startup_stm32f030.o(.text)
    I2C1_IRQHandler                          0x080000db   Thumb Code     0  startup_stm32f030.o(.text)
    I2C2_IRQHandler                          0x080000db   Thumb Code     0  startup_stm32f030.o(.text)
    RCC_IRQHandler                           0x080000db   Thumb Code     0  startup_stm32f030.o(.text)
    SPI1_IRQHandler                          0x080000db   Thumb Code     0  startup_stm32f030.o(.text)
    SPI2_IRQHandler                          0x080000db   Thumb Code     0  startup_stm32f030.o(.text)
    TIM14_IRQHandler                         0x080000db   Thumb Code     0  startup_stm32f030.o(.text)
    TIM15_IRQHandler                         0x080000db   Thumb Code     0  startup_stm32f030.o(.text)
    TIM16_IRQHandler                         0x080000db   Thumb Code     0  startup_stm32f030.o(.text)
    TIM17_IRQHandler                         0x080000db   Thumb Code     0  startup_stm32f030.o(.text)
    TIM1_BRK_UP_TRG_COM_IRQHandler           0x080000db   Thumb Code     0  startup_stm32f030.o(.text)
    TIM1_CC_IRQHandler                       0x080000db   Thumb Code     0  startup_stm32f030.o(.text)
    WWDG_IRQHandler                          0x080000db   Thumb Code     0  startup_stm32f030.o(.text)
    USARTRX2_Handle                          0x080000e5   Thumb Code   144  main.o(.text)
    USARTRX_Handle                           0x08000175   Thumb Code   302  main.o(.text)
    Main_AlarmHandle                         0x080002a3   Thumb Code    42  main.o(.text)
    Main_1sHandle                            0x080002cd   Thumb Code   230  main.o(.text)
    Main_500msHandle                         0x080003b3   Thumb Code   116  main.o(.text)
    Main_displyHandle                        0x08000427   Thumb Code   734  main.o(.text)
    TIM_Config                               0x08000705   Thumb Code    74  main.o(.text)
    main                                     0x0800074f   Thumb Code   170  main.o(.text)
    EnterStopMode                            0x080007f9   Thumb Code   150  main.o(.text)
    EXTI4_15_IRQHandler                      0x0800088f   Thumb Code    10  main.o(.text)
    NMI_Handler                              0x08000901   Thumb Code     2  stm32f0xx_it.o(.text)
    HardFault_Handler                        0x08000903   Thumb Code     8  stm32f0xx_it.o(.text)
    SVC_Handler                              0x0800090b   Thumb Code     2  stm32f0xx_it.o(.text)
    PendSV_Handler                           0x0800090d   Thumb Code     2  stm32f0xx_it.o(.text)
    SysTick_Handler                          0x0800090f   Thumb Code    26  stm32f0xx_it.o(.text)
    ADC_DeInit                               0x08000951   Thumb Code    28  stm32f0xx_adc.o(.text)
    ADC_Init                                 0x0800096d   Thumb Code    38  stm32f0xx_adc.o(.text)
    ADC_StructInit                           0x08000993   Thumb Code    16  stm32f0xx_adc.o(.text)
    ADC_Cmd                                  0x080009a3   Thumb Code    18  stm32f0xx_adc.o(.text)
    ADC_ClockModeConfig                      0x080009b5   Thumb Code     4  stm32f0xx_adc.o(.text)
    ADC_JitterCmd                            0x080009b9   Thumb Code    16  stm32f0xx_adc.o(.text)
    ADC_AutoPowerOffCmd                      0x080009c9   Thumb Code    20  stm32f0xx_adc.o(.text)
    ADC_WaitModeCmd                          0x080009dd   Thumb Code    20  stm32f0xx_adc.o(.text)
    ADC_AnalogWatchdogCmd                    0x080009f1   Thumb Code    20  stm32f0xx_adc.o(.text)
    ADC_AnalogWatchdogThresholdsConfig       0x08000a05   Thumb Code     8  stm32f0xx_adc.o(.text)
    ADC_AnalogWatchdogSingleChannelConfig    0x08000a0d   Thumb Code    14  stm32f0xx_adc.o(.text)
    ADC_AnalogWatchdogSingleChannelCmd       0x08000a1b   Thumb Code    20  stm32f0xx_adc.o(.text)
    ADC_TempSensorCmd                        0x08000a2f   Thumb Code    22  stm32f0xx_adc.o(.text)
    ADC_VrefintCmd                           0x08000a45   Thumb Code    22  stm32f0xx_adc.o(.text)
    ADC_VbatCmd                              0x08000a5b   Thumb Code    22  stm32f0xx_adc.o(.text)
    ADC_ChannelConfig                        0x08000a71   Thumb Code    10  stm32f0xx_adc.o(.text)
    ADC_ContinuousModeCmd                    0x08000a7b   Thumb Code    20  stm32f0xx_adc.o(.text)
    ADC_DiscModeCmd                          0x08000a8f   Thumb Code    20  stm32f0xx_adc.o(.text)
    ADC_OverrunModeCmd                       0x08000aa3   Thumb Code    20  stm32f0xx_adc.o(.text)
    ADC_GetCalibrationFactor                 0x08000ab7   Thumb Code    46  stm32f0xx_adc.o(.text)
    ADC_StopOfConversion                     0x08000ae5   Thumb Code    10  stm32f0xx_adc.o(.text)
    ADC_StartOfConversion                    0x08000aef   Thumb Code    10  stm32f0xx_adc.o(.text)
    ADC_GetConversionValue                   0x08000af9   Thumb Code     6  stm32f0xx_adc.o(.text)
    ADC_DMACmd                               0x08000aff   Thumb Code    20  stm32f0xx_adc.o(.text)
    ADC_DMARequestModeConfig                 0x08000b13   Thumb Code    16  stm32f0xx_adc.o(.text)
    ADC_ITConfig                             0x08000b23   Thumb Code    16  stm32f0xx_adc.o(.text)
    ADC_GetFlagStatus                        0x08000b33   Thumb Code    28  stm32f0xx_adc.o(.text)
    ADC_ClearFlag                            0x08000b4f   Thumb Code     4  stm32f0xx_adc.o(.text)
    ADC_GetITStatus                          0x08000b53   Thumb Code    22  stm32f0xx_adc.o(.text)
    ADC_ClearITPendingBit                    0x08000b69   Thumb Code     4  stm32f0xx_adc.o(.text)
    DMA_DeInit                               0x08000b79   Thumb Code   132  stm32f0xx_dma.o(.text)
    DMA_Init                                 0x08000bfd   Thumb Code    56  stm32f0xx_dma.o(.text)
    DMA_StructInit                           0x08000c35   Thumb Code    26  stm32f0xx_dma.o(.text)
    DMA_Cmd                                  0x08000c4f   Thumb Code    20  stm32f0xx_dma.o(.text)
    DMA_SetCurrDataCounter                   0x08000c63   Thumb Code     4  stm32f0xx_dma.o(.text)
    DMA_GetCurrDataCounter                   0x08000c67   Thumb Code     6  stm32f0xx_dma.o(.text)
    DMA_ITConfig                             0x08000c6d   Thumb Code    16  stm32f0xx_dma.o(.text)
    DMA_GetFlagStatus                        0x08000c7d   Thumb Code    18  stm32f0xx_dma.o(.text)
    DMA_ClearFlag                            0x08000c8f   Thumb Code     8  stm32f0xx_dma.o(.text)
    DMA_GetITStatus                          0x08000c97   Thumb Code    18  stm32f0xx_dma.o(.text)
    DMA_ClearITPendingBit                    0x08000ca9   Thumb Code     8  stm32f0xx_dma.o(.text)
    EXTI_DeInit                              0x08000cbd   Thumb Code    20  stm32f0xx_exti.o(.text)
    EXTI_Init                                0x08000cd1   Thumb Code   102  stm32f0xx_exti.o(.text)
    EXTI_StructInit                          0x08000d37   Thumb Code    14  stm32f0xx_exti.o(.text)
    EXTI_GenerateSWInterrupt                 0x08000d45   Thumb Code    10  stm32f0xx_exti.o(.text)
    EXTI_GetFlagStatus                       0x08000d4f   Thumb Code    16  stm32f0xx_exti.o(.text)
    EXTI_ClearFlag                           0x08000d5f   Thumb Code     6  stm32f0xx_exti.o(.text)
    EXTI_GetITStatus                         0x08000d65   Thumb Code    16  stm32f0xx_exti.o(.text)
    EXTI_ClearITPendingBit                   0x08000d75   Thumb Code     6  stm32f0xx_exti.o(.text)
    GPIO_DeInit                              0x08000d89   Thumb Code    90  stm32f0xx_gpio.o(.text)
    GPIO_Init                                0x08000de3   Thumb Code   112  stm32f0xx_gpio.o(.text)
    GPIO_StructInit                          0x08000e53   Thumb Code    18  stm32f0xx_gpio.o(.text)
    GPIO_PinLockConfig                       0x08000e65   Thumb Code    26  stm32f0xx_gpio.o(.text)
    GPIO_ReadInputDataBit                    0x08000e7f   Thumb Code    14  stm32f0xx_gpio.o(.text)
    GPIO_ReadInputData                       0x08000e8d   Thumb Code     4  stm32f0xx_gpio.o(.text)
    GPIO_ReadOutputDataBit                   0x08000e91   Thumb Code    14  stm32f0xx_gpio.o(.text)
    GPIO_ReadOutputData                      0x08000e9f   Thumb Code     4  stm32f0xx_gpio.o(.text)
    GPIO_SetBits                             0x08000ea3   Thumb Code     4  stm32f0xx_gpio.o(.text)
    GPIO_ResetBits                           0x08000ea7   Thumb Code     4  stm32f0xx_gpio.o(.text)
    GPIO_WriteBit                            0x08000eab   Thumb Code    12  stm32f0xx_gpio.o(.text)
    GPIO_Write                               0x08000eb7   Thumb Code     4  stm32f0xx_gpio.o(.text)
    GPIO_PinAFConfig                         0x08000ebb   Thumb Code    32  stm32f0xx_gpio.o(.text)
    NVIC_Init                                0x08000ef5   Thumb Code    70  stm32f0xx_misc.o(.text)
    NVIC_SystemLPConfig                      0x08000f3b   Thumb Code    18  stm32f0xx_misc.o(.text)
    SysTick_CLKSourceConfig                  0x08000f4d   Thumb Code    20  stm32f0xx_misc.o(.text)
    PWR_DeInit                               0x08000f71   Thumb Code    22  stm32f0xx_pwr.o(.text)
    PWR_BackupAccessCmd                      0x08000f87   Thumb Code    20  stm32f0xx_pwr.o(.text)
    PWR_PVDLevelConfig                       0x08000f9b   Thumb Code    14  stm32f0xx_pwr.o(.text)
    PWR_PVDCmd                               0x08000fa9   Thumb Code    20  stm32f0xx_pwr.o(.text)
    PWR_WakeUpPinCmd                         0x08000fbd   Thumb Code    18  stm32f0xx_pwr.o(.text)
    PWR_EnterSleepMode                       0x08000fcf   Thumb Code    22  stm32f0xx_pwr.o(.text)
    PWR_EnterSTOPMode                        0x08000fe5   Thumb Code    52  stm32f0xx_pwr.o(.text)
    PWR_EnterSTANDBYMode                     0x08001019   Thumb Code    30  stm32f0xx_pwr.o(.text)
    PWR_GetFlagStatus                        0x08001037   Thumb Code    16  stm32f0xx_pwr.o(.text)
    PWR_ClearFlag                            0x08001047   Thumb Code    12  stm32f0xx_pwr.o(.text)
    RCC_DeInit                               0x0800105d   Thumb Code    78  stm32f0xx_rcc.o(.text)
    RCC_HSEConfig                            0x080010ab   Thumb Code    10  stm32f0xx_rcc.o(.text)
    RCC_GetFlagStatus                        0x080010b5   Thumb Code    48  stm32f0xx_rcc.o(.text)
    RCC_WaitForHSEStartUp                    0x080010e5   Thumb Code    44  stm32f0xx_rcc.o(.text)
    RCC_AdjustHSICalibrationValue            0x08001111   Thumb Code    16  stm32f0xx_rcc.o(.text)
    RCC_HSICmd                               0x08001121   Thumb Code    22  stm32f0xx_rcc.o(.text)
    RCC_AdjustHSI14CalibrationValue          0x08001137   Thumb Code    16  stm32f0xx_rcc.o(.text)
    RCC_HSI14Cmd                             0x08001147   Thumb Code    22  stm32f0xx_rcc.o(.text)
    RCC_HSI14ADCRequestCmd                   0x0800115d   Thumb Code    20  stm32f0xx_rcc.o(.text)
    RCC_LSEConfig                            0x08001171   Thumb Code    26  stm32f0xx_rcc.o(.text)
    RCC_LSEDriveConfig                       0x0800118b   Thumb Code    18  stm32f0xx_rcc.o(.text)
    RCC_LSICmd                               0x0800119d   Thumb Code    22  stm32f0xx_rcc.o(.text)
    RCC_PLLConfig                            0x080011b3   Thumb Code    24  stm32f0xx_rcc.o(.text)
    RCC_PLLCmd                               0x080011cb   Thumb Code    22  stm32f0xx_rcc.o(.text)
    RCC_HSI48Cmd                             0x080011e1   Thumb Code    22  stm32f0xx_rcc.o(.text)
    RCC_PREDIV1Config                        0x080011f7   Thumb Code    14  stm32f0xx_rcc.o(.text)
    RCC_ClockSecuritySystemCmd               0x08001205   Thumb Code    22  stm32f0xx_rcc.o(.text)
    RCC_MCOConfig                            0x0800121b   Thumb Code    18  stm32f0xx_rcc.o(.text)
    RCC_SYSCLKConfig                         0x0800122d   Thumb Code    14  stm32f0xx_rcc.o(.text)
    RCC_GetSYSCLKSource                      0x0800123b   Thumb Code    10  stm32f0xx_rcc.o(.text)
    RCC_HCLKConfig                           0x08001245   Thumb Code    14  stm32f0xx_rcc.o(.text)
    RCC_PCLKConfig                           0x08001253   Thumb Code    16  stm32f0xx_rcc.o(.text)
    RCC_ADCCLKConfig                         0x08001263   Thumb Code    38  stm32f0xx_rcc.o(.text)
    RCC_CECCLKConfig                         0x08001289   Thumb Code    18  stm32f0xx_rcc.o(.text)
    RCC_I2CCLKConfig                         0x0800129b   Thumb Code    18  stm32f0xx_rcc.o(.text)
    RCC_USARTCLKConfig                       0x080012ad   Thumb Code    32  stm32f0xx_rcc.o(.text)
    RCC_USBCLKConfig                         0x080012cd   Thumb Code    18  stm32f0xx_rcc.o(.text)
    RCC_GetClocksFreq                        0x080012df   Thumb Code   284  stm32f0xx_rcc.o(.text)
    RCC_RTCCLKConfig                         0x080013fb   Thumb Code    10  stm32f0xx_rcc.o(.text)
    RCC_RTCCLKCmd                            0x08001405   Thumb Code    20  stm32f0xx_rcc.o(.text)
    RCC_BackupResetCmd                       0x08001419   Thumb Code    22  stm32f0xx_rcc.o(.text)
    RCC_AHBPeriphClockCmd                    0x0800142f   Thumb Code    56  stm32f0xx_rcc.o(.text)
    RCC_APB2PeriphClockCmd                   0x08001467   Thumb Code    18  stm32f0xx_rcc.o(.text)
    RCC_APB1PeriphClockCmd                   0x08001479   Thumb Code    18  stm32f0xx_rcc.o(.text)
    RCC_AHBPeriphResetCmd                    0x0800148b   Thumb Code    18  stm32f0xx_rcc.o(.text)
    RCC_APB2PeriphResetCmd                   0x0800149d   Thumb Code    18  stm32f0xx_rcc.o(.text)
    RCC_APB1PeriphResetCmd                   0x080014af   Thumb Code    18  stm32f0xx_rcc.o(.text)
    RCC_ITConfig                             0x080014c1   Thumb Code    18  stm32f0xx_rcc.o(.text)
    RCC_ClearFlag                            0x080014d3   Thumb Code    14  stm32f0xx_rcc.o(.text)
    RCC_GetITStatus                          0x080014e1   Thumb Code    16  stm32f0xx_rcc.o(.text)
    RCC_ClearITPendingBit                    0x080014f1   Thumb Code     6  stm32f0xx_rcc.o(.text)
    RTC_WaitForSynchro                       0x080014fd   Thumb Code    74  stm32f0xx_rtc.o(.text)
    RTC_EnterInitMode                        0x08001547   Thumb Code    56  stm32f0xx_rtc.o(.text)
    RTC_DeInit                               0x0800157f   Thumb Code    76  stm32f0xx_rtc.o(.text)
    RTC_ExitInitMode                         0x080015cb   Thumb Code    12  stm32f0xx_rtc.o(.text)
    RTC_Init                                 0x080015d7   Thumb Code    68  stm32f0xx_rtc.o(.text)
    RTC_StructInit                           0x0800161b   Thumb Code    14  stm32f0xx_rtc.o(.text)
    RTC_WriteProtectionCmd                   0x08001629   Thumb Code    20  stm32f0xx_rtc.o(.text)
    RTC_RefClockCmd                          0x0800163d   Thumb Code    54  stm32f0xx_rtc.o(.text)
    RTC_BypassShadowCmd                      0x08001673   Thumb Code    34  stm32f0xx_rtc.o(.text)
    RTC_SetTime                              0x08001695   Thumb Code   142  stm32f0xx_rtc.o(.text)
    RTC_TimeStructInit                       0x08001723   Thumb Code    12  stm32f0xx_rtc.o(.text)
    RTC_GetTime                              0x0800172f   Thumb Code    70  stm32f0xx_rtc.o(.text)
    RTC_GetSubSecond                         0x08001775   Thumb Code     8  stm32f0xx_rtc.o(.text)
    RTC_SetDate                              0x0800177d   Thumb Code   140  stm32f0xx_rtc.o(.text)
    RTC_DateStructInit                       0x08001809   Thumb Code    14  stm32f0xx_rtc.o(.text)
    RTC_GetDate                              0x08001817   Thumb Code    68  stm32f0xx_rtc.o(.text)
    RTC_SetAlarm                             0x0800185b   Thumb Code   154  stm32f0xx_rtc.o(.text)
    RTC_AlarmStructInit                      0x080018f5   Thumb Code    20  stm32f0xx_rtc.o(.text)
    RTC_GetAlarm                             0x08001909   Thumb Code    90  stm32f0xx_rtc.o(.text)
    RTC_AlarmCmd                             0x08001963   Thumb Code    74  stm32f0xx_rtc.o(.text)
    RTC_AlarmSubSecondConfig                 0x080019ad   Thumb Code    26  stm32f0xx_rtc.o(.text)
    RTC_GetAlarmSubSecond                    0x080019c7   Thumb Code    12  stm32f0xx_rtc.o(.text)
    RTC_WakeUpClockConfig                    0x080019d3   Thumb Code    30  stm32f0xx_rtc.o(.text)
    RTC_SetWakeUpCounter                     0x080019f1   Thumb Code    18  stm32f0xx_rtc.o(.text)
    RTC_GetWakeUpCounter                     0x08001a03   Thumb Code     8  stm32f0xx_rtc.o(.text)
    RTC_WakeUpCmd                            0x08001a0b   Thumb Code    74  stm32f0xx_rtc.o(.text)
    RTC_DayLightSavingConfig                 0x08001a55   Thumb Code    36  stm32f0xx_rtc.o(.text)
    RTC_GetStoreOperation                    0x08001a79   Thumb Code    12  stm32f0xx_rtc.o(.text)
    RTC_OutputConfig                         0x08001a85   Thumb Code    36  stm32f0xx_rtc.o(.text)
    RTC_CalibOutputCmd                       0x08001aa9   Thumb Code    34  stm32f0xx_rtc.o(.text)
    RTC_CalibOutputConfig                    0x08001acb   Thumb Code    32  stm32f0xx_rtc.o(.text)
    RTC_SmoothCalibConfig                    0x08001aeb   Thumb Code    60  stm32f0xx_rtc.o(.text)
    RTC_TimeStampCmd                         0x08001b27   Thumb Code    36  stm32f0xx_rtc.o(.text)
    RTC_GetTimeStamp                         0x08001b4b   Thumb Code   126  stm32f0xx_rtc.o(.text)
    RTC_GetTimeStampSubSecond                0x08001bc9   Thumb Code     6  stm32f0xx_rtc.o(.text)
    RTC_TamperTriggerConfig                  0x08001bcf   Thumb Code    22  stm32f0xx_rtc.o(.text)
    RTC_TamperCmd                            0x08001be5   Thumb Code    20  stm32f0xx_rtc.o(.text)
    RTC_TamperFilterConfig                   0x08001bf9   Thumb Code    22  stm32f0xx_rtc.o(.text)
    RTC_TamperSamplingFreqConfig             0x08001c0f   Thumb Code    22  stm32f0xx_rtc.o(.text)
    RTC_TamperPinsPrechargeDuration          0x08001c25   Thumb Code    22  stm32f0xx_rtc.o(.text)
    RTC_TimeStampOnTamperDetectionCmd        0x08001c3b   Thumb Code    22  stm32f0xx_rtc.o(.text)
    RTC_TamperPullUpCmd                      0x08001c51   Thumb Code    22  stm32f0xx_rtc.o(.text)
    RTC_WriteBackupRegister                  0x08001c67   Thumb Code    16  stm32f0xx_rtc.o(.text)
    RTC_ReadBackupRegister                   0x08001c77   Thumb Code    16  stm32f0xx_rtc.o(.text)
    RTC_OutputTypeConfig                     0x08001c87   Thumb Code    22  stm32f0xx_rtc.o(.text)
    RTC_SynchroShiftConfig                   0x08001c9d   Thumb Code    72  stm32f0xx_rtc.o(.text)
    RTC_ITConfig                             0x08001ce5   Thumb Code    74  stm32f0xx_rtc.o(.text)
    RTC_GetFlagStatus                        0x08001d2f   Thumb Code    20  stm32f0xx_rtc.o(.text)
    RTC_ClearFlag                            0x08001d43   Thumb Code    22  stm32f0xx_rtc.o(.text)
    RTC_GetITStatus                          0x08001d59   Thumb Code    54  stm32f0xx_rtc.o(.text)
    RTC_ClearITPendingBit                    0x08001d8f   Thumb Code    22  stm32f0xx_rtc.o(.text)
    SYSCFG_DeInit                            0x08001dd5   Thumb Code    30  stm32f0xx_syscfg.o(.text)
    SYSCFG_MemoryRemapConfig                 0x08001df3   Thumb Code    14  stm32f0xx_syscfg.o(.text)
    SYSCFG_DMAChannelRemapConfig             0x08001e01   Thumb Code    18  stm32f0xx_syscfg.o(.text)
    SYSCFG_I2CFastModePlusConfig             0x08001e13   Thumb Code    18  stm32f0xx_syscfg.o(.text)
    SYSCFG_EXTILineConfig                    0x08001e25   Thumb Code    34  stm32f0xx_syscfg.o(.text)
    SYSCFG_BreakConfig                       0x08001e47   Thumb Code    10  stm32f0xx_syscfg.o(.text)
    SYSCFG_GetFlagStatus                     0x08001e51   Thumb Code    14  stm32f0xx_syscfg.o(.text)
    SYSCFG_ClearFlag                         0x08001e5f   Thumb Code    10  stm32f0xx_syscfg.o(.text)
    TIM_DeInit                               0x08001e6d   Thumb Code   172  stm32f0xx_tim.o(.text)
    TIM_TimeBaseInit                         0x08001f19   Thumb Code    88  stm32f0xx_tim.o(.text)
    TIM_TimeBaseStructInit                   0x08001f71   Thumb Code    18  stm32f0xx_tim.o(.text)
    TIM_PrescalerConfig                      0x08001f83   Thumb Code     6  stm32f0xx_tim.o(.text)
    TIM_CounterModeConfig                    0x08001f89   Thumb Code    12  stm32f0xx_tim.o(.text)
    TIM_SetCounter                           0x08001f95   Thumb Code     4  stm32f0xx_tim.o(.text)
    TIM_SetAutoreload                        0x08001f99   Thumb Code     4  stm32f0xx_tim.o(.text)
    TIM_GetCounter                           0x08001f9d   Thumb Code     4  stm32f0xx_tim.o(.text)
    TIM_GetPrescaler                         0x08001fa1   Thumb Code     4  stm32f0xx_tim.o(.text)
    TIM_UpdateDisableConfig                  0x08001fa5   Thumb Code    18  stm32f0xx_tim.o(.text)
    TIM_UpdateRequestConfig                  0x08001fb7   Thumb Code    18  stm32f0xx_tim.o(.text)
    TIM_ARRPreloadConfig                     0x08001fc9   Thumb Code    18  stm32f0xx_tim.o(.text)
    TIM_SelectOnePulseMode                   0x08001fdb   Thumb Code    16  stm32f0xx_tim.o(.text)
    TIM_SetClockDivision                     0x08001feb   Thumb Code    16  stm32f0xx_tim.o(.text)
    TIM_Cmd                                  0x08001ffb   Thumb Code    20  stm32f0xx_tim.o(.text)
    TIM_BDTRConfig                           0x0800200f   Thumb Code    34  stm32f0xx_tim.o(.text)
    TIM_BDTRStructInit                       0x08002031   Thumb Code    18  stm32f0xx_tim.o(.text)
    TIM_CtrlPWMOutputs                       0x08002043   Thumb Code    24  stm32f0xx_tim.o(.text)
    TIM_OC1Init                              0x0800205b   Thumb Code   104  stm32f0xx_tim.o(.text)
    TIM_OC2Init                              0x080020c3   Thumb Code   124  stm32f0xx_tim.o(.text)
    TIM_OC3Init                              0x0800213f   Thumb Code   110  stm32f0xx_tim.o(.text)
    TIM_OC4Init                              0x080021ad   Thumb Code    78  stm32f0xx_tim.o(.text)
    TIM_OCStructInit                         0x080021fb   Thumb Code    20  stm32f0xx_tim.o(.text)
    TIM_SelectOCxM                           0x0800220f   Thumb Code   142  stm32f0xx_tim.o(.text)
    TIM_SetCompare1                          0x0800229d   Thumb Code     4  stm32f0xx_tim.o(.text)
    TIM_SetCompare2                          0x080022a1   Thumb Code     4  stm32f0xx_tim.o(.text)
    TIM_SetCompare3                          0x080022a5   Thumb Code     4  stm32f0xx_tim.o(.text)
    TIM_SetCompare4                          0x080022a9   Thumb Code     4  stm32f0xx_tim.o(.text)
    TIM_ForcedOC1Config                      0x080022ad   Thumb Code    12  stm32f0xx_tim.o(.text)
    TIM_ForcedOC2Config                      0x080022b9   Thumb Code    14  stm32f0xx_tim.o(.text)
    TIM_ForcedOC3Config                      0x080022c7   Thumb Code    12  stm32f0xx_tim.o(.text)
    TIM_ForcedOC4Config                      0x080022d3   Thumb Code    14  stm32f0xx_tim.o(.text)
    TIM_CCPreloadControl                     0x080022e1   Thumb Code    20  stm32f0xx_tim.o(.text)
    TIM_OC1PreloadConfig                     0x080022f5   Thumb Code    12  stm32f0xx_tim.o(.text)
    TIM_OC2PreloadConfig                     0x08002301   Thumb Code    14  stm32f0xx_tim.o(.text)
    TIM_OC3PreloadConfig                     0x0800230f   Thumb Code    12  stm32f0xx_tim.o(.text)
    TIM_OC4PreloadConfig                     0x0800231b   Thumb Code    14  stm32f0xx_tim.o(.text)
    TIM_OC1FastConfig                        0x08002329   Thumb Code    12  stm32f0xx_tim.o(.text)
    TIM_OC2FastConfig                        0x08002335   Thumb Code    14  stm32f0xx_tim.o(.text)
    TIM_OC3FastConfig                        0x08002343   Thumb Code    12  stm32f0xx_tim.o(.text)
    TIM_OC4FastConfig                        0x0800234f   Thumb Code    14  stm32f0xx_tim.o(.text)
    TIM_ClearOC1Ref                          0x0800235d   Thumb Code    12  stm32f0xx_tim.o(.text)
    TIM_ClearOC2Ref                          0x08002369   Thumb Code    14  stm32f0xx_tim.o(.text)
    TIM_ClearOC3Ref                          0x08002377   Thumb Code    12  stm32f0xx_tim.o(.text)
    TIM_ClearOC4Ref                          0x08002383   Thumb Code    14  stm32f0xx_tim.o(.text)
    TIM_OC1PolarityConfig                    0x08002391   Thumb Code    12  stm32f0xx_tim.o(.text)
    TIM_OC1NPolarityConfig                   0x0800239d   Thumb Code    12  stm32f0xx_tim.o(.text)
    TIM_OC2PolarityConfig                    0x080023a9   Thumb Code    14  stm32f0xx_tim.o(.text)
    TIM_OC2NPolarityConfig                   0x080023b7   Thumb Code    14  stm32f0xx_tim.o(.text)
    TIM_OC3PolarityConfig                    0x080023c5   Thumb Code    14  stm32f0xx_tim.o(.text)
    TIM_OC3NPolarityConfig                   0x080023d3   Thumb Code    14  stm32f0xx_tim.o(.text)
    TIM_OC4PolarityConfig                    0x080023e1   Thumb Code    14  stm32f0xx_tim.o(.text)
    TIM_SelectOCREFClear                     0x080023ef   Thumb Code    16  stm32f0xx_tim.o(.text)
    TIM_CCxCmd                               0x080023ff   Thumb Code    22  stm32f0xx_tim.o(.text)
    TIM_CCxNCmd                              0x08002415   Thumb Code    22  stm32f0xx_tim.o(.text)
    TIM_SelectCOM                            0x0800242b   Thumb Code    18  stm32f0xx_tim.o(.text)
    TIM_SetIC4Prescaler                      0x0800243d   Thumb Code    18  stm32f0xx_tim.o(.text)
    TIM_SetIC3Prescaler                      0x0800244f   Thumb Code    16  stm32f0xx_tim.o(.text)
    TIM_SetIC2Prescaler                      0x0800245f   Thumb Code    18  stm32f0xx_tim.o(.text)
    TIM_SetIC1Prescaler                      0x0800249b   Thumb Code    16  stm32f0xx_tim.o(.text)
    TIM_ICInit                               0x080024d3   Thumb Code   162  stm32f0xx_tim.o(.text)
    TIM_ICStructInit                         0x08002575   Thumb Code    16  stm32f0xx_tim.o(.text)
    TIM_PWMIConfig                           0x08002585   Thumb Code   104  stm32f0xx_tim.o(.text)
    TIM_GetCapture1                          0x080025ed   Thumb Code     4  stm32f0xx_tim.o(.text)
    TIM_GetCapture2                          0x080025f1   Thumb Code     4  stm32f0xx_tim.o(.text)
    TIM_GetCapture3                          0x080025f5   Thumb Code     4  stm32f0xx_tim.o(.text)
    TIM_GetCapture4                          0x080025f9   Thumb Code     4  stm32f0xx_tim.o(.text)
    TIM_ITConfig                             0x080025fd   Thumb Code    16  stm32f0xx_tim.o(.text)
    TIM_GenerateEvent                        0x0800260d   Thumb Code     4  stm32f0xx_tim.o(.text)
    TIM_GetFlagStatus                        0x08002611   Thumb Code    14  stm32f0xx_tim.o(.text)
    TIM_ClearFlag                            0x0800261f   Thumb Code     6  stm32f0xx_tim.o(.text)
    TIM_GetITStatus                          0x08002625   Thumb Code    24  stm32f0xx_tim.o(.text)
    TIM_ClearITPendingBit                    0x0800263d   Thumb Code     6  stm32f0xx_tim.o(.text)
    TIM_DMAConfig                            0x08002643   Thumb Code     8  stm32f0xx_tim.o(.text)
    TIM_DMACmd                               0x0800264b   Thumb Code    16  stm32f0xx_tim.o(.text)
    TIM_SelectCCDMA                          0x0800265b   Thumb Code    18  stm32f0xx_tim.o(.text)
    TIM_InternalClockConfig                  0x0800266d   Thumb Code    10  stm32f0xx_tim.o(.text)
    TIM_SelectInputTrigger                   0x08002677   Thumb Code    12  stm32f0xx_tim.o(.text)
    TIM_ITRxExternalClockConfig              0x08002683   Thumb Code    62  stm32f0xx_tim.o(.text)
    TIM_TIxExternalClockConfig               0x080026c1   Thumb Code    48  stm32f0xx_tim.o(.text)
    TIM_ETRConfig                            0x080026f1   Thumb Code    18  stm32f0xx_tim.o(.text)
    TIM_ETRClockMode1Config                  0x08002703   Thumb Code    28  stm32f0xx_tim.o(.text)
    TIM_ETRClockMode2Config                  0x0800271f   Thumb Code    20  stm32f0xx_tim.o(.text)
    TIM_SelectOutputTrigger                  0x08002733   Thumb Code    16  stm32f0xx_tim.o(.text)
    TIM_SelectSlaveMode                      0x08002743   Thumb Code    16  stm32f0xx_tim.o(.text)
    TIM_SelectMasterSlaveMode                0x08002753   Thumb Code    16  stm32f0xx_tim.o(.text)
    TIM_EncoderInterfaceConfig               0x08002763   Thumb Code    42  stm32f0xx_tim.o(.text)
    TIM_SelectHallSensor                     0x0800278d   Thumb Code    18  stm32f0xx_tim.o(.text)
    TIM_RemapConfig                          0x0800279f   Thumb Code     6  stm32f0xx_tim.o(.text)
    USART_DeInit                             0x080027a9   Thumb Code    78  stm32f0xx_usart.o(.text)
    USART_Init                               0x080027f7   Thumb Code   138  stm32f0xx_usart.o(.text)
    USART_StructInit                         0x08002881   Thumb Code    22  stm32f0xx_usart.o(.text)
    USART_ClockInit                          0x08002897   Thumb Code    28  stm32f0xx_usart.o(.text)
    USART_ClockStructInit                    0x080028b3   Thumb Code    12  stm32f0xx_usart.o(.text)
    USART_Cmd                                0x080028bf   Thumb Code    20  stm32f0xx_usart.o(.text)
    USART_DirectionModeCmd                   0x080028d3   Thumb Code    16  stm32f0xx_usart.o(.text)
    USART_OverSampling8Cmd                   0x080028e3   Thumb Code    20  stm32f0xx_usart.o(.text)
    USART_OneBitMethodCmd                    0x080028f7   Thumb Code    20  stm32f0xx_usart.o(.text)
    USART_MSBFirstCmd                        0x0800290b   Thumb Code    20  stm32f0xx_usart.o(.text)
    USART_DataInvCmd                         0x0800291f   Thumb Code    20  stm32f0xx_usart.o(.text)
    USART_InvPinCmd                          0x08002933   Thumb Code    16  stm32f0xx_usart.o(.text)
    USART_SWAPPinCmd                         0x08002943   Thumb Code    20  stm32f0xx_usart.o(.text)
    USART_ReceiverTimeOutCmd                 0x08002957   Thumb Code    20  stm32f0xx_usart.o(.text)
    USART_SetReceiverTimeOut                 0x0800296b   Thumb Code    16  stm32f0xx_usart.o(.text)
    USART_SetPrescaler                       0x0800297b   Thumb Code    16  stm32f0xx_usart.o(.text)
    USART_STOPModeCmd                        0x0800298b   Thumb Code    18  stm32f0xx_usart.o(.text)
    USART_StopModeWakeUpSourceConfig         0x0800299d   Thumb Code    18  stm32f0xx_usart.o(.text)
    USART_AutoBaudRateCmd                    0x080029af   Thumb Code    20  stm32f0xx_usart.o(.text)
    USART_AutoBaudRateConfig                 0x080029c3   Thumb Code    18  stm32f0xx_usart.o(.text)
    USART_SendData                           0x080029d5   Thumb Code     8  stm32f0xx_usart.o(.text)
    USART_ReceiveData                        0x080029dd   Thumb Code     8  stm32f0xx_usart.o(.text)
    USART_SetAddress                         0x080029e5   Thumb Code    18  stm32f0xx_usart.o(.text)
    USART_MuteModeCmd                        0x080029f7   Thumb Code    20  stm32f0xx_usart.o(.text)
    USART_MuteModeWakeUpConfig               0x08002a0b   Thumb Code    18  stm32f0xx_usart.o(.text)
    USART_AddressDetectionConfig             0x08002a1d   Thumb Code    16  stm32f0xx_usart.o(.text)
    USART_LINBreakDetectLengthConfig         0x08002a2d   Thumb Code    16  stm32f0xx_usart.o(.text)
    USART_LINCmd                             0x08002a3d   Thumb Code    20  stm32f0xx_usart.o(.text)
    USART_HalfDuplexCmd                      0x08002a51   Thumb Code    18  stm32f0xx_usart.o(.text)
    USART_SetGuardTime                       0x08002a63   Thumb Code    16  stm32f0xx_usart.o(.text)
    USART_SmartCardCmd                       0x08002a73   Thumb Code    18  stm32f0xx_usart.o(.text)
    USART_SmartCardNACKCmd                   0x08002a85   Thumb Code    18  stm32f0xx_usart.o(.text)
    USART_SetAutoRetryCount                  0x08002a97   Thumb Code    20  stm32f0xx_usart.o(.text)
    USART_SetBlockLength                     0x08002aab   Thumb Code    18  stm32f0xx_usart.o(.text)
    USART_IrDAConfig                         0x08002abd   Thumb Code    16  stm32f0xx_usart.o(.text)
    USART_IrDACmd                            0x08002acd   Thumb Code    18  stm32f0xx_usart.o(.text)
    USART_DECmd                              0x08002adf   Thumb Code    20  stm32f0xx_usart.o(.text)
    USART_DEPolarityConfig                   0x08002af3   Thumb Code    18  stm32f0xx_usart.o(.text)
    USART_SetDEAssertionTime                 0x08002b05   Thumb Code    20  stm32f0xx_usart.o(.text)
    USART_SetDEDeassertionTime               0x08002b19   Thumb Code    20  stm32f0xx_usart.o(.text)
    USART_DMACmd                             0x08002b2d   Thumb Code    16  stm32f0xx_usart.o(.text)
    USART_DMAReceptionErrorConfig            0x08002b3d   Thumb Code    18  stm32f0xx_usart.o(.text)
    USART_ITConfig                           0x08002b4f   Thumb Code    42  stm32f0xx_usart.o(.text)
    USART_RequestCmd                         0x08002b79   Thumb Code    40  stm32f0xx_usart.o(.text)
    USART_OverrunDetectionConfig             0x08002ba1   Thumb Code    18  stm32f0xx_usart.o(.text)
    USART_GetFlagStatus                      0x08002bb3   Thumb Code    14  stm32f0xx_usart.o(.text)
    USART_ClearFlag                          0x08002bc1   Thumb Code     4  stm32f0xx_usart.o(.text)
    USART_GetITStatus                        0x08002bc5   Thumb Code    56  stm32f0xx_usart.o(.text)
    USART_ClearITPendingBit                  0x08002bfd   Thumb Code    10  stm32f0xx_usart.o(.text)
    SystemInit                               0x08002c09   Thumb Code    84  system_stm32f0xx.o(.text)
    SystemCoreClockUpdate                    0x08002c5d   Thumb Code    90  system_stm32f0xx.o(.text)
    USART1_Config                            0x08002d29   Thumb Code   146  usart.o(.text)
    USART2_Config                            0x08002dbb   Thumb Code   148  usart.o(.text)
    USART_SendCmd                            0x08002e4f   Thumb Code    42  usart.o(.text)
    USART_SendToDevice                       0x08002e79   Thumb Code    58  usart.o(.text)
    USART_TTSCmd                             0x08002eb3   Thumb Code    84  usart.o(.text)
    USART1_IRQHandler                        0x08002f07   Thumb Code    88  usart.o(.text)
    USART2_IRQHandler                        0x08002f5f   Thumb Code   104  usart.o(.text)
    fputc                                    0x08002fc7   Thumb Code    30  usart.o(.text)
    SYSTICK_Init                             0x08003001   Thumb Code   116  systick.o(.text)
    delay_ms                                 0x08003075   Thumb Code    22  systick.o(.text)
    PrintfClk                                0x0800308b   Thumb Code    58  systick.o(.text)
    RTC_NVIC_Config                          0x080031a5   Thumb Code     2  rtc_time.o(.text)
    RTC_TimeShow                             0x080031a7   Thumb Code    26  rtc_time.o(.text)
    RTC_TimeRegulate                         0x080031c1   Thumb Code   122  rtc_time.o(.text)
    RTC_Configuration                        0x0800323b   Thumb Code    70  rtc_time.o(.text)
    RTC_CheckAndConfig                       0x08003281   Thumb Code   130  rtc_time.o(.text)
    RTC_AlarmShow                            0x08003303   Thumb Code    30  rtc_time.o(.text)
    RTC_IRQHandler                           0x08003321   Thumb Code    24  rtc_time.o(.text)
    delayus                                  0x0800352d   Thumb Code    12  seg.o(.text)
    SEG_GPIOInit                             0x08003539   Thumb Code    54  seg.o(.text)
    SEG_DisPlay                              0x0800356f   Thumb Code    32  seg.o(.text)
    SEGDetectLight                           0x0800358f   Thumb Code    94  seg.o(.text)
    SEG_Breathe                              0x080035ed   Thumb Code    44  seg.o(.text)
    TTSReport_time                           0x08003631   Thumb Code   272  voice.o(.text)
    VoicePowerConfig                         0x08003741   Thumb Code    38  voice.o(.text)
    VoicePowerSwitch                         0x08003767   Thumb Code    82  voice.o(.text)
    KEY_Init                                 0x080037b9   Thumb Code    28  key.o(.text)
    TIM3_IRQHandler                          0x080037d5   Thumb Code   236  key.o(.text)
    getlskey                                 0x080038c1   Thumb Code   132  key.o(.text)
    KeyPro                                   0x08003945   Thumb Code   858  key.o(.text)
    ADC_DMAConfig                            0x08003cbd   Thumb Code    80  adc.o(.text)
    ADC_BSPInit                              0x08003d0d   Thumb Code   208  adc.o(.text)
    ADC_GetTemper                            0x08003ddd   Thumb Code    66  adc.o(.text)
    ADC_GetChannal1Value                     0x08003e1f   Thumb Code    40  adc.o(.text)
    ADC_GetChannal8Value                     0x08003e47   Thumb Code    12  adc.o(.text)
    __aeabi_uidiv                            0x08003e81   Thumb Code     0  uidiv.o(.text)
    __aeabi_uidivmod                         0x08003e81   Thumb Code    44  uidiv.o(.text)
    __aeabi_idiv                             0x08003ead   Thumb Code     0  idiv.o(.text)
    __aeabi_idivmod                          0x08003ead   Thumb Code    40  idiv.o(.text)
    __aeabi_memset                           0x08003ed5   Thumb Code    14  memseta.o(.text)
    __aeabi_memset4                          0x08003ed5   Thumb Code     0  memseta.o(.text)
    __aeabi_memset8                          0x08003ed5   Thumb Code     0  memseta.o(.text)
    __aeabi_memclr                           0x08003ee3   Thumb Code     4  memseta.o(.text)
    __aeabi_memclr4                          0x08003ee3   Thumb Code     0  memseta.o(.text)
    __aeabi_memclr8                          0x08003ee3   Thumb Code     0  memseta.o(.text)
    _memset$wrapper                          0x08003ee7   Thumb Code    18  memseta.o(.text)
    __aeabi_dmul                             0x08003ef9   Thumb Code   202  dmul.o(.text)
    __ARM_scalbn                             0x08003fc9   Thumb Code    44  dscalb.o(.text)
    scalbn                                   0x08003fc9   Thumb Code     0  dscalb.o(.text)
    __aeabi_ui2f                             0x08003ff5   Thumb Code    14  ffltui.o(.text)
    __aeabi_ui2d                             0x08004005   Thumb Code    24  dfltui.o(.text)
    __aeabi_d2f                              0x08004021   Thumb Code    56  d2f.o(.text)
    __aeabi_uldivmod                         0x08004059   Thumb Code    96  uldiv.o(.text)
    __I$use$fp                               0x080040b9   Thumb Code     0  iusefp.o(.text)
    _float_round                             0x080040b9   Thumb Code    16  fepilogue.o(.text)
    _float_epilogue                          0x080040c9   Thumb Code   114  fepilogue.o(.text)
    _double_round                            0x0800413b   Thumb Code    26  depilogue.o(.text)
    _double_epilogue                         0x08004155   Thumb Code   164  depilogue.o(.text)
    __scatterload                            0x080041f9   Thumb Code    28  init.o(.text)
    __scatterload_rt2                        0x080041f9   Thumb Code     0  init.o(.text)
    __aeabi_llsl                             0x0800421d   Thumb Code    32  llshl.o(.text)
    _ll_shift_l                              0x0800421d   Thumb Code     0  llshl.o(.text)
    __aeabi_llsr                             0x0800423d   Thumb Code    34  llushr.o(.text)
    _ll_ushift_r                             0x0800423d   Thumb Code     0  llushr.o(.text)
    __0printf$8                              0x08004261   Thumb Code    24  printf8.o(i.__0printf$8)
    __1printf$8                              0x08004261   Thumb Code     0  printf8.o(i.__0printf$8)
    __2printf                                0x08004261   Thumb Code     0  printf8.o(i.__0printf$8)
    __ARM_clz                                0x08004281   Thumb Code    46  depilogue.o(i.__ARM_clz)
    __ARM_common_switch8                     0x080042af   Thumb Code    26  main.o(i.__ARM_common_switch8)
    __scatterload_copy                       0x080042c9   Thumb Code    14  handlers.o(i.__scatterload_copy)
    __scatterload_null                       0x080042d7   Thumb Code     2  handlers.o(i.__scatterload_null)
    __scatterload_zeroinit                   0x080042d9   Thumb Code    14  handlers.o(i.__scatterload_zeroinit)
    segnum                                   0x0800475c   Data          10  seg.o(.constdata)
    seltab                                   0x08004768   Data          16  seg.o(.constdata)
    Region$$Table$$Base                      0x080047c0   Number         0  anon$$obj.o(Region$$Table)
    Region$$Table$$Limit                     0x080047e0   Number         0  anon$$obj.o(Region$$Table)
    gk                                       0x20000000   Data           1  main.o(.data)
    state                                    0x20000001   Data           1  main.o(.data)
    gsegdispflag                             0x20000002   Data           1  main.o(.data)
    galhh                                    0x20000003   Data           1  main.o(.data)
    galmin                                   0x20000004   Data           1  main.o(.data)
    gvoiceplayenable                         0x20000005   Data           1  main.o(.data)
    gttsreporttimeflag                       0x20000006   Data           1  main.o(.data)
    t_cnt                                    0x2000000b   Data           1  main.o(.data)
    g1scnt                                   0x2000000c   Data           1  main.o(.data)
    gtermprature                             0x2000000d   Data           1  main.o(.data)
    gdispmode                                0x2000000e   Data           1  main.o(.data)
    mainflag                                 0x20000010   Data           2  main.o(.data)
    gledlight                                0x20000012   Data           2  main.o(.data)
    gerlight                                 0x20000014   Data           2  main.o(.data)
    gtimercnt                                0x20000016   Data           2  main.o(.data)
    gsetmin                                  0x20000018   Data           4  main.o(.data)
    gsystick                                 0x2000001c   Data           4  main.o(.data)
    RTC_TimeStruct                           0x20000020   Data           4  main.o(.data)
    RTC_TimeStructDes                        0x20000024   Data           4  main.o(.data)
    gdisbuf                                  0x20000028   Data           8  main.o(.data)
    gdisnum                                  0x20000030   Data           8  main.o(.data)
    gkvalue                                  0x20000038   Data           1  main.o(.data)
    g_tcnt                                   0x20000039   Data           1  main.o(.data)
    gvoicecheckplaystate                     0x2000003a   Data           1  main.o(.data)
    gvoicesendcmdtimer                       0x2000003b   Data           1  main.o(.data)
    nTime                                    0x2000003c   Data           2  stm32f0xx_it.o(.data)
    SystemCoreClock                          0x20000050   Data           4  system_stm32f0xx.o(.data)
    AHBPrescTable                            0x20000054   Data          16  system_stm32f0xx.o(.data)
    AsynchPrediv                             0x20000068   Data           4  rtc_time.o(.data)
    SynchPrediv                              0x2000006c   Data           4  rtc_time.o(.data)
    k                                        0x20000071   Data           1  key.o(.data)
    pk                                       0x20000077   Data           1  key.o(.data)
    temperature                              0x20000078   Data           2  adc.o(.data)
    RegularConvData_Tab                      0x2000007a   Data           6  adc.o(.data)
    __stdout                                 0x20000080   Data           4  stdout.o(.data)
    USARTRX_structure                        0x20000084   Data          67  main.o(.bss)
    USARTRX2_structure                       0x200000c7   Data          67  main.o(.bss)
    __initial_sp                             0x20000910   Data           0  startup_stm32f030.o(STACK)



==============================================================================

Memory Map of the image

  Image Entry point : 0x080000b5

  Load Region LR_IROM1 (Base: 0x08000000, Size: 0x00004864, Max: 0x00010000, ABSOLUTE)

    Execution Region ER_IROM1 (Base: 0x08000000, Size: 0x000047e0, Max: 0x00010000, ABSOLUTE)

    Base Addr    Size         Type   Attr      Idx    E Section Name        Object

    0x08000000   0x000000b4   Data   RO            3    RESET               startup_stm32f030.o
    0x080000b4   0x00000000   Code   RO          740  * .ARM.Collect$$$$00000000  mc_p.l(entry.o)
    0x080000b4   0x00000004   Code   RO         1020    .ARM.Collect$$$$00000001  mc_p.l(entry2.o)
    0x080000b8   0x00000004   Code   RO         1023    .ARM.Collect$$$$00000004  mc_p.l(entry5.o)
    0x080000bc   0x00000000   Code   RO         1025    .ARM.Collect$$$$00000008  mc_p.l(entry7b.o)
    0x080000bc   0x00000000   Code   RO         1027    .ARM.Collect$$$$0000000A  mc_p.l(entry8b.o)
    0x080000bc   0x00000008   Code   RO         1028    .ARM.Collect$$$$0000000B  mc_p.l(entry9a.o)
    0x080000c4   0x00000000   Code   RO         1030    .ARM.Collect$$$$0000000D  mc_p.l(entry10a.o)
    0x080000c4   0x00000000   Code   RO         1032    .ARM.Collect$$$$0000000F  mc_p.l(entry11a.o)
    0x080000c4   0x00000004   Code   RO         1021    .ARM.Collect$$$$00002712  mc_p.l(entry2.o)
    0x080000c8   0x0000001c   Code   RO            4    .text               startup_stm32f030.o
    0x080000e4   0x0000081c   Code   RO           12    .text               main.o
    0x08000900   0x00000050   Code   RO          171    .text               stm32f0xx_it.o
    0x08000950   0x00000228   Code   RO          252    .text               stm32f0xx_adc.o
    0x08000b78   0x00000144   Code   RO          292    .text               stm32f0xx_dma.o
    0x08000cbc   0x000000cc   Code   RO          312    .text               stm32f0xx_exti.o
    0x08000d88   0x0000016c   Code   RO          353    .text               stm32f0xx_gpio.o
    0x08000ef4   0x0000007c   Code   RO          373    .text               stm32f0xx_misc.o
    0x08000f70   0x000000ec   Code   RO          393    .text               stm32f0xx_pwr.o
    0x0800105c   0x000004a0   Code   RO          413    .text               stm32f0xx_rcc.o
    0x080014fc   0x000008d8   Code   RO          435    .text               stm32f0xx_rtc.o
    0x08001dd4   0x00000098   Code   RO          456    .text               stm32f0xx_syscfg.o
    0x08001e6c   0x0000093c   Code   RO          476    .text               stm32f0xx_tim.o
    0x080027a8   0x0000045e   Code   RO          497    .text               stm32f0xx_usart.o
    0x08002c06   0x00000002   PAD
    0x08002c08   0x00000120   Code   RO          517    .text               system_stm32f0xx.o
    0x08002d28   0x000002d8   Code   RO          543    .text               usart.o
    0x08003000   0x000001a4   Code   RO          565    .text               systick.o
    0x080031a4   0x00000388   Code   RO          589    .text               rtc_time.o
    0x0800352c   0x00000104   Code   RO          615    .text               seg.o
    0x08003630   0x00000188   Code   RO          641    .text               voice.o
    0x080037b8   0x00000504   Code   RO          664    .text               key.o
    0x08003cbc   0x000001c4   Code   RO          719    .text               adc.o
    0x08003e80   0x0000002c   Code   RO          743    .text               mc_p.l(uidiv.o)
    0x08003eac   0x00000028   Code   RO          745    .text               mc_p.l(idiv.o)
    0x08003ed4   0x00000024   Code   RO          747    .text               mc_p.l(memseta.o)
    0x08003ef8   0x000000d0   Code   RO         1010    .text               mf_p.l(dmul.o)
    0x08003fc8   0x0000002c   Code   RO         1012    .text               mf_p.l(dscalb.o)
    0x08003ff4   0x0000000e   Code   RO         1014    .text               mf_p.l(ffltui.o)
    0x08004002   0x00000002   PAD
    0x08004004   0x0000001c   Code   RO         1016    .text               mf_p.l(dfltui.o)
    0x08004020   0x00000038   Code   RO         1018    .text               mf_p.l(d2f.o)
    0x08004058   0x00000060   Code   RO         1035    .text               mc_p.l(uldiv.o)
    0x080040b8   0x00000000   Code   RO         1037    .text               mc_p.l(iusefp.o)
    0x080040b8   0x00000082   Code   RO         1038    .text               mf_p.l(fepilogue.o)
    0x0800413a   0x000000be   Code   RO         1040    .text               mf_p.l(depilogue.o)
    0x080041f8   0x00000024   Code   RO         1052    .text               mc_p.l(init.o)
    0x0800421c   0x00000020   Code   RO         1054    .text               mc_p.l(llshl.o)
    0x0800423c   0x00000022   Code   RO         1056    .text               mc_p.l(llushr.o)
    0x0800425e   0x00000002   PAD
    0x08004260   0x00000020   Code   RO          956    i.__0printf$8       mc_p.l(printf8.o)
    0x08004280   0x0000002e   Code   RO         1042    i.__ARM_clz         mf_p.l(depilogue.o)
    0x080042ae   0x0000001a   Code   RO           40    i.__ARM_common_switch8  main.o
    0x080042c8   0x0000000e   Code   RO         1062    i.__scatterload_copy  mc_p.l(handlers.o)
    0x080042d6   0x00000002   Code   RO         1063    i.__scatterload_null  mc_p.l(handlers.o)
    0x080042d8   0x0000000e   Code   RO         1064    i.__scatterload_zeroinit  mc_p.l(handlers.o)
    0x080042e6   0x00000002   PAD
    0x080042e8   0x00000428   Code   RO          963    i._printf_core      mc_p.l(printf8.o)
    0x08004710   0x00000020   Code   RO          964    i._printf_post_padding  mc_p.l(printf8.o)
    0x08004730   0x0000002c   Code   RO          965    i._printf_pre_padding  mc_p.l(printf8.o)
    0x0800475c   0x0000000a   Data   RO          616    .constdata          seg.o
    0x08004766   0x00000002   PAD
    0x08004768   0x00000010   Data   RO          617    .constdata          seg.o
    0x08004778   0x00000045   Data   RO          590    .conststring        rtc_time.o
    0x080047bd   0x00000003   PAD
    0x080047c0   0x00000020   Data   RO         1060    Region$$Table       anon$$obj.o


    Execution Region RW_IRAM1 (Base: 0x20000000, Size: 0x00000910, Max: 0x00002000, ABSOLUTE)

    Base Addr    Size         Type   Attr      Idx    E Section Name        Object

    0x20000000   0x00000038   Data   RW           17    .data               main.o
    0x20000038   0x00000001   Data   RW           18    .data               main.o
    0x20000039   0x00000001   Data   RW           20    .data               main.o
    0x2000003a   0x00000001   Data   RW           22    .data               main.o
    0x2000003b   0x00000001   Data   RW           23    .data               main.o
    0x2000003c   0x00000002   Data   RW          172    .data               stm32f0xx_it.o
    0x2000003e   0x00000010   Data   RW          414    .data               stm32f0xx_rcc.o
    0x2000004e   0x00000002   PAD
    0x20000050   0x00000014   Data   RW          518    .data               system_stm32f0xx.o
    0x20000064   0x00000001   Data   RW          544    .data               usart.o
    0x20000065   0x00000003   PAD
    0x20000068   0x00000008   Data   RW          592    .data               rtc_time.o
    0x20000070   0x00000001   Data   RW          618    .data               seg.o
    0x20000071   0x00000007   Data   RW          667    .data               key.o
    0x20000078   0x00000008   Data   RW          720    .data               adc.o
    0x20000080   0x00000004   Data   RW         1034    .data               mc_p.l(stdout.o)
    0x20000084   0x00000086   Zero   RW           14    .bss                main.o
    0x2000010a   0x00000006   PAD
    0x20000110   0x00000800   Zero   RW            1    STACK               startup_stm32f030.o


==============================================================================

Image component sizes


      Code (inc. data)   RO Data    RW Data    ZI Data      Debug   Object Name

       452         46          0          8          0       2398   adc.o
      1284        166          0          7          0       9857   key.o
      2102        420          0         60        134     213229   main.o
       904        500         69          8          0       2591   rtc_time.o
       260         24         26          1          0       2246   seg.o
        28          8        180          0       2048        768   startup_stm32f030.o
       552         12          0          0          0       6939   stm32f0xx_adc.o
       324         12          0          0          0       3830   stm32f0xx_dma.o
       204         14          0          0          0       2435   stm32f0xx_exti.o
       364         26          0          0          0       3801   stm32f0xx_gpio.o
        80         40          0          2          0      80943   stm32f0xx_it.o
       124         16          0          0          0       1548   stm32f0xx_misc.o
       236         10          0          0          0       2242   stm32f0xx_pwr.o
      1184         44          0         16          0       9184   stm32f0xx_rcc.o
      2264         48          0          0          0      14344   stm32f0xx_rtc.o
       152          4          0          0          0       2070   stm32f0xx_syscfg.o
      2364        120          0          0          0      21659   stm32f0xx_tim.o
      1118         24          0          0          0      11882   stm32f0xx_usart.o
       288         28          0         20          0       2067   system_stm32f0xx.o
       420        224          0          0          0       6834   systick.o
       728         28          0          1          0       3056   usart.o
       392          0          0          0          0       2159   voice.o

    ----------------------------------------------------------------------
     15826       1814        312        128       2188     406082   Object Totals
         0          0         32          0          0          0   (incl. Generated)
         2          0          5          5          6          0   (incl. Padding)

    ----------------------------------------------------------------------

      Code (inc. data)   RO Data    RW Data    ZI Data      Debug   Library Member Name

         0          0          0          0          0          0   entry.o
         0          0          0          0          0          0   entry10a.o
         0          0          0          0          0          0   entry11a.o
         8          4          0          0          0          0   entry2.o
         4          0          0          0          0          0   entry5.o
         0          0          0          0          0          0   entry7b.o
         0          0          0          0          0          0   entry8b.o
         8          4          0          0          0          0   entry9a.o
        30          0          0          0          0          0   handlers.o
        40          0          0          0          0         72   idiv.o
        36          8          0          0          0         68   init.o
         0          0          0          0          0          0   iusefp.o
        32          0          0          0          0         68   llshl.o
        34          0          0          0          0         68   llushr.o
        36          0          0          0          0        100   memseta.o
      1172         52          0          0          0        324   printf8.o
         0          0          0          4          0          0   stdout.o
        44          0          0          0          0         72   uidiv.o
        96          0          0          0          0         84   uldiv.o
        56          0          0          0          0         68   d2f.o
       236          0          0          0          0        216   depilogue.o
        28          4          0          0          0         68   dfltui.o
       208          6          0          0          0         88   dmul.o
        44          0          0          0          0         72   dscalb.o
       130          0          0          0          0        144   fepilogue.o
        14          0          0          0          0         68   ffltui.o

    ----------------------------------------------------------------------
      2262         78          0          4          0       1580   Library Totals
         6          0          0          0          0          0   (incl. Padding)

    ----------------------------------------------------------------------

      Code (inc. data)   RO Data    RW Data    ZI Data      Debug   Library Name

      1540         68          0          4          0        856   mc_p.l
       716         10          0          0          0        724   mf_p.l

    ----------------------------------------------------------------------
      2262         78          0          4          0       1580   Library Totals

    ----------------------------------------------------------------------

==============================================================================


      Code (inc. data)   RO Data    RW Data    ZI Data      Debug   

     18088       1892        312        132       2188     404426   Grand Totals
     18088       1892        312        132       2188     404426   ELF Image Totals
     18088       1892        312        132          0          0   ROM Totals

==============================================================================

    Total RO  Size (Code + RO Data)                18400 (  17.97kB)
    Total RW  Size (RW Data + ZI Data)              2320 (   2.27kB)
    Total ROM Size (Code + RO Data + RW Data)      18532 (  18.10kB)

==============================================================================

