<html>
<body>
<pre>
<h1>礦ision Build Log</h1>
<h2>Tool Versions:</h2>
IDE-Version: μVision V5.15
Copyright (C) 2015 ARM Ltd and ARM Germany GmbH. All rights reserved.
License Information: dx Microsoft, Microsoft, LIC=P6F30-BM5GM-PGS7L-0NAYC-GR97Y-XWXVD
 
Tool Versions:
Toolchain:       MDK-ARM Professional  Version: 5.15.0
Toolchain Path:  C:\Keil_v5\ARM\ARMCC\Bin
C Compiler:      Armcc.exe V5.05 update 2 (build 169)
Assembler:       Armasm.exe V5.05 update 2 (build 169)
Linker/Locator:  ArmLink.exe V5.05 update 2 (build 169)
Library Manager: ArmAr.exe V5.05 update 2 (build 169)
Hex Converter:   FromElf.exe V5.05 update 2 (build 169)
CPU DLL:         SARMCM3.DLL V5.15.0
Dialog DLL:      DARMCM1.DLL V1.12.0.0
Target DLL:      Segger\JL2CM3.dll V2.87.0.0
Dialog DLL:      TARMCM1.DLL V1.9.0.0
 
<h2>Project:</h2>
E:\器件选型\X-项目\语音时钟\程序设计\项目代码\CodeSpace\SmartVoiceClockV01\Project\MDK-ARM\YD_DEMO.uvprojx
Project File Date:  05/13/2016

<h2>Output:</h2>
*** Using Compiler 'V5.05 update 2 (build 169)', folder: 'C:\Keil_v5\ARM\ARMCC\Bin'
Build target 'YD_DEMO'
assembling startup_stm32f030.s...
compiling main.c...
..\main.c(101): warning:  #177-D: variable "i" was declared but never referenced
      uint32_t i=0;
..\main.c(102): warning:  #177-D: variable "max" was declared but never referenced
      uint8_t max[1024+512]={0};
..\main.c: 2 warnings, 0 errors
compiling stm32f0xx_it.c...
compiling stm32f0xx_adc.c...
compiling stm32f0xx_dac.c...
compiling stm32f0xx_dma.c...
compiling stm32f0xx_exti.c...
compiling stm32f0xx_flash.c...
compiling stm32f0xx_gpio.c...
compiling stm32f0xx_misc.c...
compiling stm32f0xx_pwr.c...
compiling stm32f0xx_rcc.c...
compiling stm32f0xx_rtc.c...
compiling stm32f0xx_syscfg.c...
compiling stm32f0xx_tim.c...
compiling stm32f0xx_usart.c...
compiling system_stm32f0xx.c...
compiling usart.c...
compiling systick.c...
compiling RTC_Time.c...
compiling SEG.c...
compiling VOICE.c...
compiling KEY.c...
compiling flash.c...
compiling ADC.c...
linking...
Program Size: Code=18088 RO-data=312 RW-data=132 ZI-data=2188  
FromELF: creating hex file...
After Build - User command #2: fromelf --bin ".\obj\RTC.axf" --output   ".\obj\RTC.bin"
".\obj\RTC.axf" - 0 Error(s), 2 Warning(s).

<h2>Software Packages used:</h2>

Package Vendor: ARM
                http://www.keil.com/pack/ARM.CMSIS.4.3.0.pack
                ARM::CMSIS:CORE:4.1.0
                CMSIS (Cortex Microcontroller Software Interface Standard)
   * Component: CORE Version: 4.1.0

<h2>Collection of Component include folders:</h2>
  E:\器件选型\X-项目\语音时钟\程序设计\项目代码\CodeSpace\SmartVoiceClockV01\Project\MDK-ARM\RTE
  C:\Keil_v5\ARM\PACK\ARM\CMSIS\4.3.0\CMSIS\Include
  C:\Keil_v5\ARM\PACK\Keil\STM32F0xx_DFP\1.4.0\Device\Include

<h2>Collection of Component Files used:</h2>

   * Component: ARM::CMSIS:CORE:4.1.0
</pre>
</body>
</html>
